Archive member included to satisfy reference by file (symbol)

C:/Program Files (x86)/STMicroelectronics/STM32Cube/STM32CubeIDE_1.13.2/STM32CubeIDE/plugins/com.st.stm32cube.ide.mcu.externaltools.gnu-tools-for-stm32.11.3.rel1.win32_1.1.1.202309131626/tools/bin/../lib/gcc/arm-none-eabi/11.3.1/../../../../arm-none-eabi/lib/thumb/v7e-m+fp/hard\libc_nano.a(libc_a-atoi.o)
                              ./Core/Src/main.o (atoi)
C:/Program Files (x86)/STMicroelectronics/STM32Cube/STM32CubeIDE_1.13.2/STM32CubeIDE/plugins/com.st.stm32cube.ide.mcu.externaltools.gnu-tools-for-stm32.11.3.rel1.win32_1.1.1.202309131626/tools/bin/../lib/gcc/arm-none-eabi/11.3.1/../../../../arm-none-eabi/lib/thumb/v7e-m+fp/hard\libc_nano.a(libc_a-exit.o)
                              C:/Program Files (x86)/STMicroelectronics/STM32Cube/STM32CubeIDE_1.13.2/STM32CubeIDE/plugins/com.st.stm32cube.ide.mcu.externaltools.gnu-tools-for-stm32.11.3.rel1.win32_1.1.1.202309131626/tools/bin/../lib/gcc/arm-none-eabi/11.3.1/../../../../arm-none-eabi/lib/thumb/v7e-m+fp/hard/crt0.o (exit)
C:/Program Files (x86)/STMicroelectronics/STM32Cube/STM32CubeIDE_1.13.2/STM32CubeIDE/plugins/com.st.stm32cube.ide.mcu.externaltools.gnu-tools-for-stm32.11.3.rel1.win32_1.1.1.202309131626/tools/bin/../lib/gcc/arm-none-eabi/11.3.1/../../../../arm-none-eabi/lib/thumb/v7e-m+fp/hard\libc_nano.a(libc_a-strtol.o)
                              C:/Program Files (x86)/STMicroelectronics/STM32Cube/STM32CubeIDE_1.13.2/STM32CubeIDE/plugins/com.st.stm32cube.ide.mcu.externaltools.gnu-tools-for-stm32.11.3.rel1.win32_1.1.1.202309131626/tools/bin/../lib/gcc/arm-none-eabi/11.3.1/../../../../arm-none-eabi/lib/thumb/v7e-m+fp/hard\libc_nano.a(libc_a-atoi.o) (_strtol_r)
C:/Program Files (x86)/STMicroelectronics/STM32Cube/STM32CubeIDE_1.13.2/STM32CubeIDE/plugins/com.st.stm32cube.ide.mcu.externaltools.gnu-tools-for-stm32.11.3.rel1.win32_1.1.1.202309131626/tools/bin/../lib/gcc/arm-none-eabi/11.3.1/../../../../arm-none-eabi/lib/thumb/v7e-m+fp/hard\libc_nano.a(libc_a-ctype_.o)
                              C:/Program Files (x86)/STMicroelectronics/STM32Cube/STM32CubeIDE_1.13.2/STM32CubeIDE/plugins/com.st.stm32cube.ide.mcu.externaltools.gnu-tools-for-stm32.11.3.rel1.win32_1.1.1.202309131626/tools/bin/../lib/gcc/arm-none-eabi/11.3.1/../../../../arm-none-eabi/lib/thumb/v7e-m+fp/hard\libc_nano.a(libc_a-strtol.o) (_ctype_)
C:/Program Files (x86)/STMicroelectronics/STM32Cube/STM32CubeIDE_1.13.2/STM32CubeIDE/plugins/com.st.stm32cube.ide.mcu.externaltools.gnu-tools-for-stm32.11.3.rel1.win32_1.1.1.202309131626/tools/bin/../lib/gcc/arm-none-eabi/11.3.1/../../../../arm-none-eabi/lib/thumb/v7e-m+fp/hard\libc_nano.a(libc_a-findfp.o)
                              C:/Program Files (x86)/STMicroelectronics/STM32Cube/STM32CubeIDE_1.13.2/STM32CubeIDE/plugins/com.st.stm32cube.ide.mcu.externaltools.gnu-tools-for-stm32.11.3.rel1.win32_1.1.1.202309131626/tools/bin/../lib/gcc/arm-none-eabi/11.3.1/../../../../arm-none-eabi/lib/thumb/v7e-m+fp/hard\libc_nano.a(libc_a-exit.o) (__stdio_exit_handler)
C:/Program Files (x86)/STMicroelectronics/STM32Cube/STM32CubeIDE_1.13.2/STM32CubeIDE/plugins/com.st.stm32cube.ide.mcu.externaltools.gnu-tools-for-stm32.11.3.rel1.win32_1.1.1.202309131626/tools/bin/../lib/gcc/arm-none-eabi/11.3.1/../../../../arm-none-eabi/lib/thumb/v7e-m+fp/hard\libc_nano.a(libc_a-fwalk.o)
                              C:/Program Files (x86)/STMicroelectronics/STM32Cube/STM32CubeIDE_1.13.2/STM32CubeIDE/plugins/com.st.stm32cube.ide.mcu.externaltools.gnu-tools-for-stm32.11.3.rel1.win32_1.1.1.202309131626/tools/bin/../lib/gcc/arm-none-eabi/11.3.1/../../../../arm-none-eabi/lib/thumb/v7e-m+fp/hard\libc_nano.a(libc_a-findfp.o) (_fwalk_sglue)
C:/Program Files (x86)/STMicroelectronics/STM32Cube/STM32CubeIDE_1.13.2/STM32CubeIDE/plugins/com.st.stm32cube.ide.mcu.externaltools.gnu-tools-for-stm32.11.3.rel1.win32_1.1.1.202309131626/tools/bin/../lib/gcc/arm-none-eabi/11.3.1/../../../../arm-none-eabi/lib/thumb/v7e-m+fp/hard\libc_nano.a(libc_a-puts.o)
                              ./Core/Src/main.o (puts)
C:/Program Files (x86)/STMicroelectronics/STM32Cube/STM32CubeIDE_1.13.2/STM32CubeIDE/plugins/com.st.stm32cube.ide.mcu.externaltools.gnu-tools-for-stm32.11.3.rel1.win32_1.1.1.202309131626/tools/bin/../lib/gcc/arm-none-eabi/11.3.1/../../../../arm-none-eabi/lib/thumb/v7e-m+fp/hard\libc_nano.a(libc_a-stdio.o)
                              C:/Program Files (x86)/STMicroelectronics/STM32Cube/STM32CubeIDE_1.13.2/STM32CubeIDE/plugins/com.st.stm32cube.ide.mcu.externaltools.gnu-tools-for-stm32.11.3.rel1.win32_1.1.1.202309131626/tools/bin/../lib/gcc/arm-none-eabi/11.3.1/../../../../arm-none-eabi/lib/thumb/v7e-m+fp/hard\libc_nano.a(libc_a-findfp.o) (__sread)
[...]
Memory Configuration

Name             Origin             Length             Attributes
CCMRAM           0x0000000010000000 0x0000000000010000 xrw
RAM              0x0000000020000000 0x0000000000020000 xrw
FLASH            0x0000000008000000 0x0000000000100000 xr
*default*        0x0000000000000000 0xffffffffffffffff

Linker script and memory map

LOAD C:/Program Files (x86)/STMicroelectronics/STM32Cube/STM32CubeIDE_1.13.2/STM32CubeIDE/plugins/com.st.stm32cube.ide.mcu.externaltools.gnu-tools-for-stm32.11.3.rel1.win32_1.1.1.202309131626/tools/bin/../lib/gcc/arm-none-eabi/11.3.1/thumb/v7e-m+fp/hard/crti.o
LOAD C:/Program Files (x86)/STMicroelectronics/STM32Cube/STM32CubeIDE_1.13.2/STM32CubeIDE/plugins/com.st.stm32cube.ide.mcu.externaltools.gnu-tools-for-stm32.11.3.rel1.win32_1.1.1.202309131626/tools/bin/../lib/gcc/arm-none-eabi/11.3.1/thumb/v7e-m+fp/hard/crtbegin.o
LOAD C:/Program Files (x86)/STMicroelectronics/STM32Cube/STM32CubeIDE_1.13.2/STM32CubeIDE/plugins/com.st.stm32cube.ide.mcu.externaltools.gnu-tools-for-stm32.11.3.rel1.win32_1.1.1.202309131626/tools/bin/../lib/gcc/arm-none-eabi/11.3.1/../../../../arm-none-eabi/lib/thumb/v7e-m+fp/hard/crt0.o
LOAD ./Core/Src/audio.o
LOAD ./Core/Src/dma.o
LOAD ./Core/Src/freertos.o
LOAD ./Core/Src/gpio.o
LOAD ./Core/Src/i2c.o
LOAD ./Core/Src/i2s.o
LOAD ./Core/Src/main.o
LOAD ./Core/Src/stm32f4xx_hal_msp.o
LOAD ./Core/Src/stm32f4xx_it.o
LOAD ./Core/Src/syscalls.o
LOAD ./Core/Src/sysmem.o
LOAD ./Core/Src/system_stm32f4xx.o
LOAD ./Core/Src/tim.o
LOAD ./Core/Src/usart.o
LOAD ./Core/Startup/startup_stm32f407vgtx.o
LOAD ./Drivers/STM32F4xx_HAL_Driver/Src/stm32f4xx_hal.o
LOAD ./Drivers/STM32F4xx_HAL_Driver/Src/stm32f4xx_hal_cortex.o
LOAD ./Drivers/STM32F4xx_HAL_Driver/Src/stm32f4xx_hal_dma.o
LOAD ./Drivers/STM32F4xx_HAL_Driver/Src/stm32f4xx_hal_dma_ex.o
LOAD ./Drivers/STM32F4xx_HAL_Driver/Src/stm32f4xx_hal_exti.o
LOAD ./Drivers/STM32F4xx_HAL_Driver/Src/stm32f4xx_hal_flash.o
LOAD ./Drivers/STM32F4xx_HAL_Driver/Src/stm32f4xx_hal_flash_ex.o
LOAD ./Drivers/STM32F4xx_HAL_Driver/Src/stm32f4xx_hal_flash_ramfunc.o
LOAD ./Drivers/STM32F4xx_HAL_Driver/Src/stm32f4xx_hal_gpio.o
LOAD ./Drivers/STM32F4xx_HAL_Driver/Src/stm32f4xx_hal_i2c.o
LOAD ./Drivers/STM32F4xx_HAL_Driver/Src/stm32f4xx_hal_i2c_ex.o
LOAD ./Drivers/STM32F4xx_HAL_Driver/Src/stm32f4xx_hal_i2s.o
LOAD ./Drivers/STM32F4xx_HAL_Driver/Src/stm32f4xx_hal_i2s_ex.o
LOAD ./Drivers/STM32F4xx_HAL_Driver/Src/stm32f4xx_hal_pwr.o
LOAD ./Drivers/STM32F4xx_HAL_Driver/Src/stm32f4xx_hal_pwr_ex.o
LOAD ./Drivers/STM32F4xx_HAL_Driver/Src/stm32f4xx_hal_rcc.o
LOAD ./Drivers/STM32F4xx_HAL_Driver/Src/stm32f4xx_hal_rcc_ex.o
LOAD ./Drivers/STM32F4xx_HAL_Driver/Src/stm32f4xx_hal_tim.o
LOAD ./Drivers/STM32F4xx_HAL_Driver/Src/stm32f4xx_hal_tim_ex.o
LOAD ./Drivers/STM32F4xx_HAL_Driver/Src/stm32f4xx_hal_uart.o
LOAD ./Middlewares/Third_Party/FreeRTOS/Source/CMSIS_RTOS/cmsis_os.o
LOAD ./Middlewares/Third_Party/FreeRTOS/Source/croutine.o
LOAD ./Middlewares/Third_Party/FreeRTOS/Source/event_groups.o
LOAD ./Middlewares/Third_Party/FreeRTOS/Source/list.o
LOAD ./Middlewares/Third_Party/FreeRTOS/Source/queue.o
LOAD ./Middlewares/Third_Party/FreeRTOS/Source/stream_buffer.o
LOAD ./Middlewares/Third_Party/FreeRTOS/Source/tasks.o
LOAD ./Middlewares/Third_Party/FreeRTOS/Source/timers.o
LOAD ./Middlewares/Third_Party/FreeRTOS/Source/portable/GCC/ARM_CM4F/port.o
LOAD ./Middlewares/Third_Party/FreeRTOS/Source/portable/MemMang/heap_2.o
START GROUP
LOAD C:/Program Files (x86)/STMicroelectronics/STM32Cube/STM32CubeIDE_1.13.2/STM32CubeIDE/plugins/com.st.stm32cube.ide.mcu.externaltools.gnu-tools-for-stm32.11.3.rel1.win32_1.1.1.202309131626/tools/bin/../lib/gcc/arm-none-eabi/11.3.1/../../../../arm-none-eabi/lib/thumb/v7e-m+fp/hard\libc_nano.a
LOAD C:/Program Files (x86)/STMicroelectronics/STM32Cube/STM32CubeIDE_1.13.2/STM32CubeIDE/plugins/com.st.stm32cube.ide.mcu.externaltools.gnu-tools-for-stm32.11.3.rel1.win32_1.1.1.202309131626/tools/bin/../lib/gcc/arm-none-eabi/11.3.1/../../../../arm-none-eabi/lib/thumb/v7e-m+fp/hard\libm.a
END GROUP
START GROUP
LOAD C:/Program Files (x86)/STMicroelectronics/STM32Cube/STM32CubeIDE_1.13.2/STM32CubeIDE/plugins/com.st.stm32cube.ide.mcu.externaltools.gnu-tools-for-stm32.11.3.rel1.win32_1.1.1.202309131626/tools/bin/../lib/gcc/arm-none-eabi/11.3.1/thumb/v7e-m+fp/hard\libgcc.a
LOAD C:/Program Files (x86)/STMicroelectronics/STM32Cube/STM32CubeIDE_1.13.2/STM32CubeIDE/plugins/com.st.stm32cube.ide.mcu.externaltools.gnu-tools-for-stm32.11.3.rel1.win32_1.1.1.202309131626/tools/bin/../lib/gcc/arm-none-eabi/11.3.1/../../../../arm-none-eabi/lib/thumb/v7e-m+fp/hard\libc_nano.a
END GROUP
START GROUP
LOAD C:/Program Files (x86)/STMicroelectronics/STM32Cube/STM32CubeIDE_1.13.2/STM32CubeIDE/plugins/com.st.stm32cube.ide.mcu.externaltools.gnu-tools-for-stm32.11.3.rel1.win32_1.1.1.202309131626/tools/bin/../lib/gcc/arm-none-eabi/11.3.1/thumb/v7e-m+fp/hard\libgcc.a
LOAD C:/Program Files (x86)/STMicroelectronics/STM32Cube/STM32CubeIDE_1.13.2/STM32CubeIDE/plugins/com.st.stm32cube.ide.mcu.externaltools.gnu-tools-for-stm32.11.3.rel1.win32_1.1.1.202309131626/tools/bin/../lib/gcc/arm-none-eabi/11.3.1/../../../../arm-none-eabi/lib/thumb/v7e-m+fp/hard\libc_nano.a
LOAD C:/Program Files (x86)/STMicroelectronics/STM32Cube/STM32CubeIDE_1.13.2/STM32CubeIDE/plugins/com.st.stm32cube.ide.mcu.externaltools.gnu-tools-for-stm32.11.3.rel1.win32_1.1.1.202309131626/tools/bin/../lib/gcc/arm-none-eabi/11.3.1/../../../../arm-none-eabi/lib/thumb/v7e-m+fp/hard\libnosys.a
END GROUP
START GROUP
LOAD C:/Program Files (x86)/STMicroelectronics/STM32Cube/STM32CubeIDE_1.13.2/STM32CubeIDE/plugins/com.st.stm32cube.ide.mcu.externaltools.gnu-tools-for-stm32.11.3.rel1.win32_1.1.1.202309131626/tools/bin/../lib/gcc/arm-none-eabi/11.3.1/thumb/v7e-m+fp/hard\libgcc.a
LOAD C:/Program Files (x86)/STMicroelectronics/STM32Cube/STM32CubeIDE_1.13.2/STM32CubeIDE/plugins/com.st.stm32cube.ide.mcu.externaltools.gnu-tools-for-stm32.11.3.rel1.win32_1.1.1.202309131626/tools/bin/../lib/gcc/arm-none-eabi/11.3.1/../../../../arm-none-eabi/lib/thumb/v7e-m+fp/hard\libc_nano.a
LOAD C:/Program Files (x86)/STMicroelectronics/STM32Cube/STM32CubeIDE_1.13.2/STM32CubeIDE/plugins/com.st.stm32cube.ide.mcu.externaltools.gnu-tools-for-stm32.11.3.rel1.win32_1.1.1.202309131626/tools/bin/../lib/gcc/arm-none-eabi/11.3.1/../../../../arm-none-eabi/lib/thumb/v7e-m+fp/hard\libnosys.a
END GROUP
LOAD C:/Program Files (x86)/STMicroelectronics/STM32Cube/STM32CubeIDE_1.13.2/STM32CubeIDE/plugins/com.st.stm32cube.ide.mcu.externaltools.gnu-tools-for-stm32.11.3.rel1.win32_1.1.1.202309131626/tools/bin/../lib/gcc/arm-none-eabi/11.3.1/thumb/v7e-m+fp/hard/crtend.o
LOAD C:/Program Files (x86)/STMicroelectronics/STM32Cube/STM32CubeIDE_1.13.2/STM32CubeIDE/plugins/com.st.stm32cube.ide.mcu.externaltools.gnu-tools-for-stm32.11.3.rel1.win32_1.1.1.202309131626/tools/bin/../lib/gcc/arm-none-eabi/11.3.1/thumb/v7e-m+fp/hard/crtn.o
                0x0000000020020000                _estack = (ORIGIN (RAM) + LENGTH (RAM))
                0x0000000000000200                _Min_Heap_Size = 0x200
                0x0000000000000400                _Min_Stack_Size = 0x400

.isr_vector     0x0000000008000000      0x188
                0x0000000008000000                . = ALIGN (0x4)
 *(.isr_vector)
 .isr_vector    0x0000000008000000      0x188 ./Core/Startup/startup_stm32f407vgtx.o
                0x0000000008000000                g_pfnVectors
                0x0000000008000188                . = ALIGN (0x4)

.text           0x0000000008000190     0xa94c
                0x0000000008000190                . = ALIGN (0x4)
 *(.text)
 .text          0x0000000008000190       0x40 C:/Program Files (x86)/STMicroelectronics/STM32Cube/STM32CubeIDE_1.13.2/STM32CubeIDE/plugins/com.st.stm32cube.ide.mcu.externaltools.gnu-tools-for-stm32.11.3.rel1.win32_1.1.1.202309131626/tools/bin/../lib/gcc/arm-none-eabi/11.3.1/thumb/v7e-m+fp/hard/crtbegin.o
 .text          0x00000000080001d0       0x14 C:/Program Files (x86)/STMicroelectronics/STM32Cube/STM32CubeIDE_1.13.2/STM32CubeIDE/plugins/com.st.stm32cube.ide.mcu.externaltools.gnu-tools-for-stm32.11.3.rel1.win32_1.1.1.202309131626/tools/bin/../lib/gcc/arm-none-eabi/11.3.1/../../../../arm-none-eabi/lib/thumb/v7e-m+fp/hard\libc_nano.a(libc_a-strcmp.o)
                0x00000000080001d0                strcmp
 .text          0x00000000080001e4      0x254 C:/Program Files (x86)/STMicroelectronics/STM32Cube/STM32CubeIDE_1.13.2/STM32CubeIDE/plugins/com.st.stm32cube.ide.mcu.externaltools.gnu-tools-for-stm32.11.3.rel1.win32_1.1.1.202309131626/tools/bin/../lib/gcc/arm-none-eabi/11.3.1/thumb/v7e-m+fp/hard\libgcc.a(_arm_muldf3.o)
                0x00000000080001e4                __muldf3
                0x00000000080001e4                __aeabi_dmul
 .text          0x0000000008000438      0x378 C:/Program Files (x86)/STMicroelectronics/STM32Cube/STM32CubeIDE_1.13.2/STM32CubeIDE/plugins/com.st.stm32cube.ide.mcu.externaltools.gnu-tools-for-stm32.11.3.rel1.win32_1.1.1.202309131626/tools/bin/../lib/gcc/arm-none-eabi/11.3.1/thumb/v7e-m+fp/hard\libgcc.a(_arm_addsubdf3.o)
                0x0000000008000438                __aeabi_drsub
                0x0000000008000440                __aeabi_dsub
                0x0000000008000440                __subdf3
                0x0000000008000444                __aeabi_dadd
                0x0000000008000444                __adddf3
                0x00000000080006bc                __floatunsidf
                0x00000000080006bc                __aeabi_ui2d
                0x00000000080006dc                __floatsidf
                0x00000000080006dc                __aeabi_i2d
                0x0000000008000700                __aeabi_f2d
                0x0000000008000700                __extendsfdf2
                0x0000000008000744                __floatundidf
                0x0000000008000744                __aeabi_ul2d
                0x0000000008000754                __floatdidf
                0x0000000008000754                __aeabi_l2d
 .text          0x00000000080007b0       0xa0 C:/Program Files (x86)/STMicroelectronics/STM32Cube/STM32CubeIDE_1.13.2/STM32CubeIDE/plugins/com.st.stm32cube.ide.mcu.externaltools.gnu-tools-for-stm32.11.3.rel1.win32_1.1.1.202309131626/tools/bin/../lib/gcc/arm-none-eabi/11.3.1/thumb/v7e-m+fp/hard\libgcc.a(_arm_truncdfsf2.o)
                0x00000000080007b0                __truncdfsf2
                0x00000000080007b0                __aeabi_d2f
 .text          0x0000000008000850       0x30 C:/Program Files (x86)/STMicroelectronics/STM32Cube/STM32CubeIDE_1.13.2/STM32CubeIDE/plugins/com.st.stm32cube.ide.mcu.externaltools.gnu-tools-for-stm32.11.3.rel1.win32_1.1.1.202309131626/tools/bin/../lib/gcc/arm-none-eabi/11.3.1/thumb/v7e-m+fp/hard\libgcc.a(_aeabi_uldivmod.o)
                0x0000000008000850                __aeabi_uldivmod
 .text          0x0000000008000880      0x2c8 C:/Program Files (x86)/STMicroelectronics/STM32Cube/STM32CubeIDE_1.13.2/STM32CubeIDE/plugins/com.st.stm32cube.ide.mcu.externaltools.gnu-tools-for-stm32.11.3.rel1.win32_1.1.1.202309131626/tools/bin/../lib/gcc/arm-none-eabi/11.3.1/thumb/v7e-m+fp/hard\libgcc.a(_udivmoddi4.o)
                0x0000000008000880                __udivmoddi4
 .text          0x0000000008000b48        0x4 C:/Program Files (x86)/STMicroelectronics/STM32Cube/STM32CubeIDE_1.13.2/STM32CubeIDE/plugins/com.st.stm32cube.ide.mcu.externaltools.gnu-tools-for-stm32.11.3.rel1.win32_1.1.1.202309131626/tools/bin/../lib/gcc/arm-none-eabi/11.3.1/thumb/v7e-m+fp/hard\libgcc.a(_dvmd_tls.o)
                0x0000000008000b48                __aeabi_idiv0
                0x0000000008000b48                __aeabi_ldiv0
 *(.text*)
 .text.init_AudioReset
                0x0000000008000b4c       0x18 ./Core/Src/audio.o
                0x0000000008000b4c                init_AudioReset
 .text.configAudio
                0x0000000008000b64      0x1e4 ./Core/Src/audio.o
                0x0000000008000b64                configAudio
 .text.generateSineTable
                0x0000000008000d48       0xa4 ./Core/Src/audio.o
                0x0000000008000d48                generateSineTable
 .text.fillDmaBuffer
                0x0000000008000dec      0x108 ./Core/Src/audio.o
                0x0000000008000dec                fillDmaBuffer
 .text.changeAudioFrequency
                0x0000000008000ef4       0x20 ./Core/Src/audio.o
                0x0000000008000ef4                changeAudioFrequency
 .text.changeAudioAmplitude
                0x0000000008000f14       0x20 ./Core/Src/audio.o
                0x0000000008000f14                changeAudioAmplitude
 .text.MX_DMA_Init
                0x0000000008000f34       0x60 ./Core/Src/dma.o
                0x0000000008000f34                MX_DMA_Init
 .text.vApplicationGetIdleTaskMemory
                0x0000000008000f94       0x34 ./Core/Src/freertos.o
                0x0000000008000f94                vApplicationGetIdleTaskMemory
 .text.MX_FREERTOS_Init
                0x0000000008000fc8       0xfc ./Core/Src/freertos.o
                0x0000000008000fc8                MX_FREERTOS_Init
 .text.StartDefaultTask
                0x00000000080010c4       0x10 ./Core/Src/freertos.o
                0x00000000080010c4                StartDefaultTask
 .text.MX_GPIO_Init
                0x00000000080010d4      0x128 ./Core/Src/gpio.o
                0x00000000080010d4                MX_GPIO_Init
 .text.HAL_GPIO_EXTI_Callback
                0x00000000080011fc       0x30 ./Core/Src/gpio.o
                0x00000000080011fc                HAL_GPIO_EXTI_Callback
 .text.MX_I2C1_Init
                0x000000000800122c       0x5c ./Core/Src/i2c.o
                0x000000000800122c                MX_I2C1_Init
 .text.HAL_I2C_MspInit
                0x0000000008001288       0x90 ./Core/Src/i2c.o
                0x0000000008001288                HAL_I2C_MspInit
 .text.MX_I2S3_Init
                0x0000000008001318       0x5c ./Core/Src/i2s.o
                0x0000000008001318                MX_I2S3_Init
 .text.HAL_I2S_MspInit
                0x0000000008001374      0x188 ./Core/Src/i2s.o
                0x0000000008001374                HAL_I2S_MspInit
 .text.vTaskLed
                0x00000000080014fc       0x78 ./Core/Src/main.o
                0x00000000080014fc                vTaskLed
 .text.vTaskPassword
                0x0000000008001574       0xd8 ./Core/Src/main.o
                0x0000000008001574                vTaskPassword
 .text.vTaskAudio
                0x000000000800164c       0x94 ./Core/Src/main.o
                0x000000000800164c                vTaskAudio
 .text.vTaskUartCmd
                0x00000000080016e0      0x134 ./Core/Src/main.o
                0x00000000080016e0                vTaskUartCmd
 .text.toggleAudioPlayingState
                0x0000000008001814       0x34 ./Core/Src/main.o
                0x0000000008001814                toggleAudioPlayingState
 .text.main     0x0000000008001848       0x50 ./Core/Src/main.o
                0x0000000008001848                main
 .text.SystemClock_Config
                0x0000000008001898       0xd4 ./Core/Src/main.o
                0x0000000008001898                SystemClock_Config
 .text.Error_Handler
                0x000000000800196c        0xa ./Core/Src/main.o
                0x000000000800196c                Error_Handler
 *fill*         0x0000000008001976        0x2 
 .text.HAL_MspInit
                0x0000000008001978       0x58 ./Core/Src/stm32f4xx_hal_msp.o
                0x0000000008001978                HAL_MspInit
 .text.NMI_Handler
                0x00000000080019d0        0x6 ./Core/Src/stm32f4xx_it.o
                0x00000000080019d0                NMI_Handler
 .text.HardFault_Handler
                0x00000000080019d6        0x6 ./Core/Src/stm32f4xx_it.o
                0x00000000080019d6                HardFault_Handler
 .text.MemManage_Handler
                0x00000000080019dc        0x6 ./Core/Src/stm32f4xx_it.o
                0x00000000080019dc                MemManage_Handler
 .text.BusFault_Handler
                0x00000000080019e2        0x6 ./Core/Src/stm32f4xx_it.o
                0x00000000080019e2                BusFault_Handler
 .text.UsageFault_Handler
                0x00000000080019e8        0x6 ./Core/Src/stm32f4xx_it.o
                0x00000000080019e8                UsageFault_Handler
 .text.DebugMon_Handler
                0x00000000080019ee        0xe ./Core/Src/stm32f4xx_it.o
                0x00000000080019ee                DebugMon_Handler
 .text.SysTick_Handler
                0x00000000080019fc       0x1a ./Core/Src/stm32f4xx_it.o
                0x00000000080019fc                SysTick_Handler
 .text.EXTI0_IRQHandler
                0x0000000008001a16        0xe ./Core/Src/stm32f4xx_it.o
                0x0000000008001a16                EXTI0_IRQHandler
 .text.DMA1_Stream5_IRQHandler
                0x0000000008001a24       0x14 ./Core/Src/stm32f4xx_it.o
                0x0000000008001a24                DMA1_Stream5_IRQHandler
 .text.DMA1_Stream6_IRQHandler
                0x0000000008001a38       0x14 ./Core/Src/stm32f4xx_it.o
                0x0000000008001a38                DMA1_Stream6_IRQHandler
 .text.TIM2_IRQHandler
                0x0000000008001a4c       0x14 ./Core/Src/stm32f4xx_it.o
                0x0000000008001a4c                TIM2_IRQHandler
 .text.USART2_IRQHandler
                0x0000000008001a60       0x44 ./Core/Src/stm32f4xx_it.o
                0x0000000008001a60                USART2_IRQHandler
 .text.DMA1_Stream7_IRQHandler
                0x0000000008001aa4       0x14 ./Core/Src/stm32f4xx_it.o
                0x0000000008001aa4                DMA1_Stream7_IRQHandler
 .text.SPI3_IRQHandler
                0x0000000008001ab8       0x14 ./Core/Src/stm32f4xx_it.o
                0x0000000008001ab8                SPI3_IRQHandler
 .text._read    0x0000000008001acc       0x3a ./Core/Src/syscalls.o
                0x0000000008001acc                _read
 .text._close   0x0000000008001b06       0x18 ./Core/Src/syscalls.o
                0x0000000008001b06                _close
 .text._fstat   0x0000000008001b1e       0x20 ./Core/Src/syscalls.o
                0x0000000008001b1e                _fstat
 .text._isatty  0x0000000008001b3e       0x16 ./Core/Src/syscalls.o
                0x0000000008001b3e                _isatty
 .text._lseek   0x0000000008001b54       0x1a ./Core/Src/syscalls.o
                0x0000000008001b54                _lseek
 *fill*         0x0000000008001b6e        0x2 
 .text._sbrk    0x0000000008001b70       0x6c ./Core/Src/sysmem.o
                0x0000000008001b70                _sbrk
 .text.SystemInit
                0x0000000008001bdc       0x24 ./Core/Src/system_stm32f4xx.o
                0x0000000008001bdc                SystemInit
 .text.MX_TIM2_Init
                0x0000000008001c00       0x9c ./Core/Src/tim.o
                0x0000000008001c00                MX_TIM2_Init
 .text.HAL_TIM_Base_MspInit
                0x0000000008001c9c       0x4c ./Core/Src/tim.o
                0x0000000008001c9c                HAL_TIM_Base_MspInit
 .text.HAL_TIM_PeriodElapsedCallback
                0x0000000008001ce8       0x2c ./Core/Src/tim.o
                0x0000000008001ce8                HAL_TIM_PeriodElapsedCallback
 .text.MX_USART2_UART_Init
                0x0000000008001d14       0x54 ./Core/Src/usart.o
                0x0000000008001d14                MX_USART2_UART_Init
 .text.HAL_UART_MspInit
                0x0000000008001d68      0x16c ./Core/Src/usart.o
                0x0000000008001d68                HAL_UART_MspInit
 .text.UART_IdleCallback
                0x0000000008001ed4       0xd0 ./Core/Src/usart.o
                0x0000000008001ed4                UART_IdleCallback
 .text._write   0x0000000008001fa4       0x28 ./Core/Src/usart.o
                0x0000000008001fa4                _write
 .text.Reset_Handler
                0x0000000008001fcc       0x50 ./Core/Startup/startup_stm32f407vgtx.o
                0x0000000008001fcc                Reset_Handler
 .text.Default_Handler
                0x000000000800201c        0x2 ./Core/Startup/startup_stm32f407vgtx.o
                0x000000000800201c                RTC_Alarm_IRQHandler
                0x000000000800201c                HASH_RNG_IRQHandler
                0x000000000800201c                EXTI2_IRQHandler
                0x000000000800201c                TIM8_CC_IRQHandler
                0x000000000800201c                TIM1_CC_IRQHandler
                0x000000000800201c                DMA2_Stream5_IRQHandler
                0x000000000800201c                PVD_IRQHandler
                0x000000000800201c                SDIO_IRQHandler
                0x000000000800201c                TAMP_STAMP_IRQHandler
                0x000000000800201c                CAN2_RX1_IRQHandler
                0x000000000800201c                EXTI3_IRQHandler
                0x000000000800201c                TIM8_TRG_COM_TIM14_IRQHandler
                0x000000000800201c                TIM1_UP_TIM10_IRQHandler
                0x000000000800201c                TIM8_UP_TIM13_IRQHandler
                0x000000000800201c                I2C3_ER_IRQHandler
                0x000000000800201c                I2C2_EV_IRQHandler
                0x000000000800201c                DMA1_Stream2_IRQHandler
                0x000000000800201c                CAN1_RX0_IRQHandler
                0x000000000800201c                FPU_IRQHandler
                0x000000000800201c                OTG_HS_WKUP_IRQHandler
                0x000000000800201c                CAN2_SCE_IRQHandler
                0x000000000800201c                DMA2_Stream2_IRQHandler
                0x000000000800201c                SPI1_IRQHandler
                0x000000000800201c                TIM6_DAC_IRQHandler
                0x000000000800201c                TIM1_BRK_TIM9_IRQHandler
                0x000000000800201c                DCMI_IRQHandler
                0x000000000800201c                CAN2_RX0_IRQHandler
                0x000000000800201c                DMA2_Stream3_IRQHandler
                0x000000000800201c                USART6_IRQHandler
                0x000000000800201c                USART3_IRQHandler
                0x000000000800201c                CAN1_RX1_IRQHandler
                0x000000000800201c                UART5_IRQHandler
                0x000000000800201c                DMA2_Stream0_IRQHandler
                0x000000000800201c                TIM4_IRQHandler
                0x000000000800201c                I2C1_EV_IRQHandler
                0x000000000800201c                DMA1_Stream1_IRQHandler
                0x000000000800201c                UART4_IRQHandler
                0x000000000800201c                TIM3_IRQHandler
                0x000000000800201c                RCC_IRQHandler
                0x000000000800201c                TIM8_BRK_TIM12_IRQHandler
                0x000000000800201c                Default_Handler
                0x000000000800201c                EXTI15_10_IRQHandler
                0x000000000800201c                ADC_IRQHandler
                0x000000000800201c                TIM7_IRQHandler
                0x000000000800201c                CAN2_TX_IRQHandler
                0x000000000800201c                TIM5_IRQHandler
                0x000000000800201c                DMA2_Stream7_IRQHandler
                0x000000000800201c                I2C3_EV_IRQHandler
                0x000000000800201c                EXTI9_5_IRQHandler
                0x000000000800201c                RTC_WKUP_IRQHandler
                0x000000000800201c                ETH_WKUP_IRQHandler
                0x000000000800201c                SPI2_IRQHandler
                0x000000000800201c                OTG_HS_EP1_IN_IRQHandler
                0x000000000800201c                DMA1_Stream0_IRQHandler
                0x000000000800201c                CAN1_TX_IRQHandler
                0x000000000800201c                EXTI4_IRQHandler
                0x000000000800201c                FSMC_IRQHandler
                0x000000000800201c                ETH_IRQHandler
                0x000000000800201c                OTG_HS_EP1_OUT_IRQHandler
                0x000000000800201c                WWDG_IRQHandler
                0x000000000800201c                OTG_FS_WKUP_IRQHandler
                0x000000000800201c                TIM1_TRG_COM_TIM11_IRQHandler
                0x000000000800201c                OTG_HS_IRQHandler
                0x000000000800201c                EXTI1_IRQHandler
                0x000000000800201c                I2C2_ER_IRQHandler
                0x000000000800201c                DMA2_Stream1_IRQHandler
                0x000000000800201c                CAN1_SCE_IRQHandler
                0x000000000800201c                FLASH_IRQHandler
                0x000000000800201c                DMA2_Stream4_IRQHandler
                0x000000000800201c                USART1_IRQHandler
                0x000000000800201c                OTG_FS_IRQHandler
                0x000000000800201c                DMA1_Stream4_IRQHandler
                0x000000000800201c                I2C1_ER_IRQHandler
                0x000000000800201c                DMA2_Stream6_IRQHandler
                0x000000000800201c                DMA1_Stream3_IRQHandler
 *fill*         0x000000000800201e        0x2 
 .text.HAL_Init
                0x0000000008002020       0x44 ./Drivers/STM32F4xx_HAL_Driver/Src/stm32f4xx_hal.o
                0x0000000008002020                HAL_Init
 .text.HAL_InitTick
                0x0000000008002064       0x60 ./Drivers/STM32F4xx_HAL_Driver/Src/stm32f4xx_hal.o
                0x0000000008002064                HAL_InitTick
 .text.HAL_IncTick
                0x00000000080020c4       0x28 ./Drivers/STM32F4xx_HAL_Driver/Src/stm32f4xx_hal.o
                0x00000000080020c4                HAL_IncTick
 .text.HAL_GetTick
                0x00000000080020ec       0x18 ./Drivers/STM32F4xx_HAL_Driver/Src/stm32f4xx_hal.o
                0x00000000080020ec                HAL_GetTick
 .text.__NVIC_SetPriorityGrouping
                0x0000000008002104       0x48 ./Drivers/STM32F4xx_HAL_Driver/Src/stm32f4xx_hal_cortex.o
 .text.__NVIC_GetPriorityGrouping
                0x000000000800214c       0x1c ./Drivers/STM32F4xx_HAL_Driver/Src/stm32f4xx_hal_cortex.o
 .text.__NVIC_EnableIRQ
                0x0000000008002168       0x3c ./Drivers/STM32F4xx_HAL_Driver/Src/stm32f4xx_hal_cortex.o
 .text.__NVIC_SetPriority
                0x00000000080021a4       0x54 ./Drivers/STM32F4xx_HAL_Driver/Src/stm32f4xx_hal_cortex.o
 .text.NVIC_EncodePriority
                0x00000000080021f8       0x66 ./Drivers/STM32F4xx_HAL_Driver/Src/stm32f4xx_hal_cortex.o
 *fill*         0x000000000800225e        0x2 
 .text.SysTick_Config
                0x0000000008002260       0x44 ./Drivers/STM32F4xx_HAL_Driver/Src/stm32f4xx_hal_cortex.o
 .text.HAL_NVIC_SetPriorityGrouping
                0x00000000080022a4       0x16 ./Drivers/STM32F4xx_HAL_Driver/Src/stm32f4xx_hal_cortex.o
                0x00000000080022a4                HAL_NVIC_SetPriorityGrouping
 .text.HAL_NVIC_SetPriority
                0x00000000080022ba       0x38 ./Drivers/STM32F4xx_HAL_Driver/Src/stm32f4xx_hal_cortex.o
                0x00000000080022ba                HAL_NVIC_SetPriority
 .text.HAL_NVIC_EnableIRQ
                0x00000000080022f2       0x1c ./Drivers/STM32F4xx_HAL_Driver/Src/stm32f4xx_hal_cortex.o
                0x00000000080022f2                HAL_NVIC_EnableIRQ
 .text.HAL_SYSTICK_Config
                0x000000000800230e       0x18 ./Drivers/STM32F4xx_HAL_Driver/Src/stm32f4xx_hal_cortex.o
                0x000000000800230e                HAL_SYSTICK_Config
 *fill*         0x0000000008002326        0x2 
 .text.HAL_DMA_Init
                0x0000000008002328      0x15c ./Drivers/STM32F4xx_HAL_Driver/Src/stm32f4xx_hal_dma.o
                0x0000000008002328                HAL_DMA_Init
 .text.HAL_DMA_Start_IT
                0x0000000008002484       0xb0 ./Drivers/STM32F4xx_HAL_Driver/Src/stm32f4xx_hal_dma.o
                0x0000000008002484                HAL_DMA_Start_IT
 .text.HAL_DMA_Abort
                0x0000000008002534       0xe0 ./Drivers/STM32F4xx_HAL_Driver/Src/stm32f4xx_hal_dma.o
                0x0000000008002534                HAL_DMA_Abort
 .text.HAL_DMA_Abort_IT
                0x0000000008002614       0x44 ./Drivers/STM32F4xx_HAL_Driver/Src/stm32f4xx_hal_dma.o
                0x0000000008002614                HAL_DMA_Abort_IT
 .text.HAL_DMA_IRQHandler
                0x0000000008002658      0x314 ./Drivers/STM32F4xx_HAL_Driver/Src/stm32f4xx_hal_dma.o
                0x0000000008002658                HAL_DMA_IRQHandler
 .text.DMA_SetConfig
                0x000000000800296c       0x5c ./Drivers/STM32F4xx_HAL_Driver/Src/stm32f4xx_hal_dma.o
 .text.DMA_CalcBaseAndBitshift
                0x00000000080029c8       0x6c ./Drivers/STM32F4xx_HAL_Driver/Src/stm32f4xx_hal_dma.o
 .text.DMA_CheckFifoParam
                0x0000000008002a34       0xf8 ./Drivers/STM32F4xx_HAL_Driver/Src/stm32f4xx_hal_dma.o
 .text.HAL_GPIO_Init
                0x0000000008002b2c      0x338 ./Drivers/STM32F4xx_HAL_Driver/Src/stm32f4xx_hal_gpio.o
                0x0000000008002b2c                HAL_GPIO_Init
 .text.HAL_GPIO_WritePin
                0x0000000008002e64       0x32 ./Drivers/STM32F4xx_HAL_Driver/Src/stm32f4xx_hal_gpio.o
                0x0000000008002e64                HAL_GPIO_WritePin
 *fill*         0x0000000008002e96        0x2 
 .text.HAL_GPIO_EXTI_IRQHandler
                0x0000000008002e98       0x30 ./Drivers/STM32F4xx_HAL_Driver/Src/stm32f4xx_hal_gpio.o
                0x0000000008002e98                HAL_GPIO_EXTI_IRQHandler
 .text.HAL_I2C_Init
                0x0000000008002ec8      0x288 ./Drivers/STM32F4xx_HAL_Driver/Src/stm32f4xx_hal_i2c.o
                0x0000000008002ec8                HAL_I2C_Init
 .text.HAL_I2C_Master_Transmit
                0x0000000008003150      0x1fc ./Drivers/STM32F4xx_HAL_Driver/Src/stm32f4xx_hal_i2c.o
                0x0000000008003150                HAL_I2C_Master_Transmit
 .text.I2C_MasterRequestWrite
                0x000000000800334c      0x104 ./Drivers/STM32F4xx_HAL_Driver/Src/stm32f4xx_hal_i2c.o
 .text.I2C_WaitOnFlagUntilTimeout
                0x0000000008003450       0xae ./Drivers/STM32F4xx_HAL_Driver/Src/stm32f4xx_hal_i2c.o
 .text.I2C_WaitOnMasterAddressFlagUntilTimeout
                0x00000000080034fe       0xfe ./Drivers/STM32F4xx_HAL_Driver/Src/stm32f4xx_hal_i2c.o
 .text.I2C_WaitOnTXEFlagUntilTimeout
                0x00000000080035fc       0x82 ./Drivers/STM32F4xx_HAL_Driver/Src/stm32f4xx_hal_i2c.o
 .text.I2C_WaitOnBTFFlagUntilTimeout
                0x000000000800367e       0x82 ./Drivers/STM32F4xx_HAL_Driver/Src/stm32f4xx_hal_i2c.o
 .text.I2C_IsAcknowledgeFailed
                0x0000000008003700       0x5e ./Drivers/STM32F4xx_HAL_Driver/Src/stm32f4xx_hal_i2c.o
 *fill*         0x000000000800375e        0x2 
 .text.HAL_I2S_Init
                0x0000000008003760      0x280 ./Drivers/STM32F4xx_HAL_Driver/Src/stm32f4xx_hal_i2s.o
                0x0000000008003760                HAL_I2S_Init
 .text.HAL_I2S_Transmit_DMA
                0x00000000080039e0      0x150 ./Drivers/STM32F4xx_HAL_Driver/Src/stm32f4xx_hal_i2s.o
                0x00000000080039e0                HAL_I2S_Transmit_DMA
 .text.HAL_I2S_DMAStop
                0x0000000008003b30      0x3b4 ./Drivers/STM32F4xx_HAL_Driver/Src/stm32f4xx_hal_i2s.o
                0x0000000008003b30                HAL_I2S_DMAStop
 .text.HAL_I2S_IRQHandler
                0x0000000008003ee4       0x18 ./Drivers/STM32F4xx_HAL_Driver/Src/stm32f4xx_hal_i2s.o
                0x0000000008003ee4                HAL_I2S_IRQHandler
 .text.HAL_I2S_TxHalfCpltCallback
                0x0000000008003efc       0x14 ./Drivers/STM32F4xx_HAL_Driver/Src/stm32f4xx_hal_i2s.o
                0x0000000008003efc                HAL_I2S_TxHalfCpltCallback
 .text.HAL_I2S_TxCpltCallback
                0x0000000008003f10       0x14 ./Drivers/STM32F4xx_HAL_Driver/Src/stm32f4xx_hal_i2s.o
                0x0000000008003f10                HAL_I2S_TxCpltCallback
 .text.HAL_I2S_RxCpltCallback
                0x0000000008003f24       0x14 ./Drivers/STM32F4xx_HAL_Driver/Src/stm32f4xx_hal_i2s.o
                0x0000000008003f24                HAL_I2S_RxCpltCallback
 .text.HAL_I2S_ErrorCallback
                0x0000000008003f38       0x14 ./Drivers/STM32F4xx_HAL_Driver/Src/stm32f4xx_hal_i2s.o
                0x0000000008003f38                HAL_I2S_ErrorCallback
 .text.I2S_DMATxCplt
                0x0000000008003f4c       0x42 ./Drivers/STM32F4xx_HAL_Driver/Src/stm32f4xx_hal_i2s.o
 .text.I2S_DMATxHalfCplt
                0x0000000008003f8e       0x1c ./Drivers/STM32F4xx_HAL_Driver/Src/stm32f4xx_hal_i2s.o
 .text.I2S_DMAError
                0x0000000008003faa       0x4c ./Drivers/STM32F4xx_HAL_Driver/Src/stm32f4xx_hal_i2s.o
 .text.I2S_Transmit_IT
                0x0000000008003ff6       0x5c ./Drivers/STM32F4xx_HAL_Driver/Src/stm32f4xx_hal_i2s.o
 .text.I2S_Receive_IT
                0x0000000008004052       0x5e ./Drivers/STM32F4xx_HAL_Driver/Src/stm32f4xx_hal_i2s.o
 .text.I2S_IRQHandler
                0x00000000080040b0      0x114 ./Drivers/STM32F4xx_HAL_Driver/Src/stm32f4xx_hal_i2s.o
 .text.I2S_WaitFlagStateUntilTimeout
                0x00000000080041c4       0x72 ./Drivers/STM32F4xx_HAL_Driver/Src/stm32f4xx_hal_i2s.o
 *fill*         0x0000000008004236        0x2 
 .text.HAL_I2SEx_FullDuplex_IRQHandler
                0x0000000008004238      0x2a8 ./Drivers/STM32F4xx_HAL_Driver/Src/stm32f4xx_hal_i2s_ex.o
                0x0000000008004238                HAL_I2SEx_FullDuplex_IRQHandler
 .text.HAL_I2SEx_TxRxCpltCallback
                0x00000000080044e0       0x14 ./Drivers/STM32F4xx_HAL_Driver/Src/stm32f4xx_hal_i2s_ex.o
                0x00000000080044e0                HAL_I2SEx_TxRxCpltCallback
 .text.I2SEx_TxISR_I2S
                0x00000000080044f4       0x62 ./Drivers/STM32F4xx_HAL_Driver/Src/stm32f4xx_hal_i2s_ex.o
 *fill*         0x0000000008004556        0x2 
 .text.I2SEx_TxISR_I2SExt
                0x0000000008004558       0x98 ./Drivers/STM32F4xx_HAL_Driver/Src/stm32f4xx_hal_i2s_ex.o
 .text.I2SEx_RxISR_I2S
                0x00000000080045f0       0x64 ./Drivers/STM32F4xx_HAL_Driver/Src/stm32f4xx_hal_i2s_ex.o
 .text.I2SEx_RxISR_I2SExt
                0x0000000008004654       0x98 ./Drivers/STM32F4xx_HAL_Driver/Src/stm32f4xx_hal_i2s_ex.o
 .text.HAL_RCC_OscConfig
                0x00000000080046ec      0x4f0 ./Drivers/STM32F4xx_HAL_Driver/Src/stm32f4xx_hal_rcc.o
                0x00000000080046ec                HAL_RCC_OscConfig
 .text.HAL_RCC_ClockConfig
                0x0000000008004bdc      0x1cc ./Drivers/STM32F4xx_HAL_Driver/Src/stm32f4xx_hal_rcc.o
                0x0000000008004bdc                HAL_RCC_ClockConfig
 .text.HAL_RCC_GetSysClockFreq
                0x0000000008004da8      0x20c ./Drivers/STM32F4xx_HAL_Driver/Src/stm32f4xx_hal_rcc.o
                0x0000000008004da8                HAL_RCC_GetSysClockFreq
 .text.HAL_RCC_GetHCLKFreq
                0x0000000008004fb4       0x18 ./Drivers/STM32F4xx_HAL_Driver/Src/stm32f4xx_hal_rcc.o
                0x0000000008004fb4                HAL_RCC_GetHCLKFreq
 .text.HAL_RCC_GetPCLK1Freq
                0x0000000008004fcc       0x28 ./Drivers/STM32F4xx_HAL_Driver/Src/stm32f4xx_hal_rcc.o
                0x0000000008004fcc                HAL_RCC_GetPCLK1Freq
 .text.HAL_RCC_GetPCLK2Freq
                0x0000000008004ff4       0x28 ./Drivers/STM32F4xx_HAL_Driver/Src/stm32f4xx_hal_rcc.o
                0x0000000008004ff4                HAL_RCC_GetPCLK2Freq
 .text.HAL_RCCEx_PeriphCLKConfig
                0x000000000800501c      0x1c4 ./Drivers/STM32F4xx_HAL_Driver/Src/stm32f4xx_hal_rcc_ex.o
                0x000000000800501c                HAL_RCCEx_PeriphCLKConfig
 .text.HAL_RCCEx_GetPeriphCLKFreq
                0x00000000080051e0       0xbc ./Drivers/STM32F4xx_HAL_Driver/Src/stm32f4xx_hal_rcc_ex.o
                0x00000000080051e0                HAL_RCCEx_GetPeriphCLKFreq
 .text.HAL_TIM_Base_Init
                0x000000000800529c       0x9e ./Drivers/STM32F4xx_HAL_Driver/Src/stm32f4xx_hal_tim.o
                0x000000000800529c                HAL_TIM_Base_Init
 *fill*         0x000000000800533a        0x2 
 .text.HAL_TIM_Base_Start_IT
                0x000000000800533c       0xe0 ./Drivers/STM32F4xx_HAL_Driver/Src/stm32f4xx_hal_tim.o
                0x000000000800533c                HAL_TIM_Base_Start_IT
 .text.HAL_TIM_Base_Stop_IT
                0x000000000800541c       0x5e ./Drivers/STM32F4xx_HAL_Driver/Src/stm32f4xx_hal_tim.o
                0x000000000800541c                HAL_TIM_Base_Stop_IT
 .text.HAL_TIM_IRQHandler
                0x000000000800547a      0x210 ./Drivers/STM32F4xx_HAL_Driver/Src/stm32f4xx_hal_tim.o
                0x000000000800547a                HAL_TIM_IRQHandler
 .text.HAL_TIM_ConfigClockSource
                0x000000000800568a      0x18e ./Drivers/STM32F4xx_HAL_Driver/Src/stm32f4xx_hal_tim.o
                0x000000000800568a                HAL_TIM_ConfigClockSource
 .text.HAL_TIM_OC_DelayElapsedCallback
                0x0000000008005818       0x14 ./Drivers/STM32F4xx_HAL_Driver/Src/stm32f4xx_hal_tim.o
                0x0000000008005818                HAL_TIM_OC_DelayElapsedCallback
 .text.HAL_TIM_IC_CaptureCallback
                0x000000000800582c       0x14 ./Drivers/STM32F4xx_HAL_Driver/Src/stm32f4xx_hal_tim.o
                0x000000000800582c                HAL_TIM_IC_CaptureCallback
 .text.HAL_TIM_PWM_PulseFinishedCallback
                0x0000000008005840       0x14 ./Drivers/STM32F4xx_HAL_Driver/Src/stm32f4xx_hal_tim.o
                0x0000000008005840                HAL_TIM_PWM_PulseFinishedCallback
 .text.HAL_TIM_TriggerCallback
                0x0000000008005854       0x14 ./Drivers/STM32F4xx_HAL_Driver/Src/stm32f4xx_hal_tim.o
                0x0000000008005854                HAL_TIM_TriggerCallback
 .text.TIM_Base_SetConfig
                0x0000000008005868      0x140 ./Drivers/STM32F4xx_HAL_Driver/Src/stm32f4xx_hal_tim.o
                0x0000000008005868                TIM_Base_SetConfig
 .text.TIM_TI1_ConfigInputStage
                0x00000000080059a8       0x5e ./Drivers/STM32F4xx_HAL_Driver/Src/stm32f4xx_hal_tim.o
 .text.TIM_TI2_ConfigInputStage
                0x0000000008005a06       0x60 ./Drivers/STM32F4xx_HAL_Driver/Src/stm32f4xx_hal_tim.o
 .text.TIM_ITRx_SetConfig
                0x0000000008005a66       0x36 ./Drivers/STM32F4xx_HAL_Driver/Src/stm32f4xx_hal_tim.o
 .text.TIM_ETR_SetConfig
                0x0000000008005a9c       0x40 ./Drivers/STM32F4xx_HAL_Driver/Src/stm32f4xx_hal_tim.o
                0x0000000008005a9c                TIM_ETR_SetConfig
 .text.HAL_TIMEx_MasterConfigSynchronization
                0x0000000008005adc       0xf8 ./Drivers/STM32F4xx_HAL_Driver/Src/stm32f4xx_hal_tim_ex.o
                0x0000000008005adc                HAL_TIMEx_MasterConfigSynchronization
 .text.HAL_TIMEx_CommutCallback
                0x0000000008005bd4       0x14 ./Drivers/STM32F4xx_HAL_Driver/Src/stm32f4xx_hal_tim_ex.o
                0x0000000008005bd4                HAL_TIMEx_CommutCallback
 .text.HAL_TIMEx_BreakCallback
                0x0000000008005be8       0x14 ./Drivers/STM32F4xx_HAL_Driver/Src/stm32f4xx_hal_tim_ex.o
                0x0000000008005be8                HAL_TIMEx_BreakCallback
 .text.HAL_UART_Init
                0x0000000008005bfc       0x9a ./Drivers/STM32F4xx_HAL_Driver/Src/stm32f4xx_hal_uart.o
                0x0000000008005bfc                HAL_UART_Init
 *fill*         0x0000000008005c96        0x2 
 .text.HAL_UART_Transmit_DMA
                0x0000000008005c98       0xfc ./Drivers/STM32F4xx_HAL_Driver/Src/stm32f4xx_hal_uart.o
                0x0000000008005c98                HAL_UART_Transmit_DMA
 .text.HAL_UART_Receive_DMA
                0x0000000008005d94       0x60 ./Drivers/STM32F4xx_HAL_Driver/Src/stm32f4xx_hal_uart.o
                0x0000000008005d94                HAL_UART_Receive_DMA
 .text.HAL_UART_IRQHandler
                0x0000000008005df4      0x51c ./Drivers/STM32F4xx_HAL_Driver/Src/stm32f4xx_hal_uart.o
                0x0000000008005df4                HAL_UART_IRQHandler
 .text.HAL_UART_TxCpltCallback
                0x0000000008006310       0x14 ./Drivers/STM32F4xx_HAL_Driver/Src/stm32f4xx_hal_uart.o
                0x0000000008006310                HAL_UART_TxCpltCallback
 .text.HAL_UART_TxHalfCpltCallback
                0x0000000008006324       0x14 ./Drivers/STM32F4xx_HAL_Driver/Src/stm32f4xx_hal_uart.o
                0x0000000008006324                HAL_UART_TxHalfCpltCallback
 .text.HAL_UART_RxCpltCallback
                0x0000000008006338       0x14 ./Drivers/STM32F4xx_HAL_Driver/Src/stm32f4xx_hal_uart.o
                0x0000000008006338                HAL_UART_RxCpltCallback
 .text.HAL_UART_RxHalfCpltCallback
                0x000000000800634c       0x14 ./Drivers/STM32F4xx_HAL_Driver/Src/stm32f4xx_hal_uart.o
                0x000000000800634c                HAL_UART_RxHalfCpltCallback
 .text.HAL_UART_ErrorCallback
                0x0000000008006360       0x14 ./Drivers/STM32F4xx_HAL_Driver/Src/stm32f4xx_hal_uart.o
                0x0000000008006360                HAL_UART_ErrorCallback
 .text.HAL_UARTEx_RxEventCallback
                0x0000000008006374       0x18 ./Drivers/STM32F4xx_HAL_Driver/Src/stm32f4xx_hal_uart.o
                0x0000000008006374                HAL_UARTEx_RxEventCallback
 .text.UART_DMATransmitCplt
                0x000000000800638c       0x9a ./Drivers/STM32F4xx_HAL_Driver/Src/stm32f4xx_hal_uart.o
 .text.UART_DMATxHalfCplt
                0x0000000008006426       0x1c ./Drivers/STM32F4xx_HAL_Driver/Src/stm32f4xx_hal_uart.o
 .text.UART_DMAReceiveCplt
                0x0000000008006442      0x126 ./Drivers/STM32F4xx_HAL_Driver/Src/stm32f4xx_hal_uart.o
 .text.UART_DMARxHalfCplt
                0x0000000008006568       0x36 ./Drivers/STM32F4xx_HAL_Driver/Src/stm32f4xx_hal_uart.o
 .text.UART_DMAError
                0x000000000800659e       0x94 ./Drivers/STM32F4xx_HAL_Driver/Src/stm32f4xx_hal_uart.o
 *fill*         0x0000000008006632        0x2 
 .text.UART_Start_Receive_DMA
                0x0000000008006634      0x13c ./Drivers/STM32F4xx_HAL_Driver/Src/stm32f4xx_hal_uart.o
                0x0000000008006634                UART_Start_Receive_DMA
 .text.UART_EndTxTransfer
                0x0000000008006770       0x50 ./Drivers/STM32F4xx_HAL_Driver/Src/stm32f4xx_hal_uart.o
 .text.UART_EndRxTransfer
                0x00000000080067c0       0xc6 ./Drivers/STM32F4xx_HAL_Driver/Src/stm32f4xx_hal_uart.o
 .text.UART_DMAAbortOnError
                0x0000000008006886       0x28 ./Drivers/STM32F4xx_HAL_Driver/Src/stm32f4xx_hal_uart.o
 .text.UART_Transmit_IT
                0x00000000080068ae       0xa0 ./Drivers/STM32F4xx_HAL_Driver/Src/stm32f4xx_hal_uart.o
 .text.UART_EndTransmit_IT
                0x000000000800694e       0x30 ./Drivers/STM32F4xx_HAL_Driver/Src/stm32f4xx_hal_uart.o
 .text.UART_Receive_IT
                0x000000000800697e      0x176 ./Drivers/STM32F4xx_HAL_Driver/Src/stm32f4xx_hal_uart.o
 .text.UART_SetConfig
                0x0000000008006af4      0x4e8 ./Drivers/STM32F4xx_HAL_Driver/Src/stm32f4xx_hal_uart.o
 .text.makeFreeRtosPriority
                0x0000000008006fdc       0x30 ./Middlewares/Third_Party/FreeRTOS/Source/CMSIS_RTOS/cmsis_os.o
 .text.osKernelStart
                0x000000000800700c        0xe ./Middlewares/Third_Party/FreeRTOS/Source/CMSIS_RTOS/cmsis_os.o
                0x000000000800700c                osKernelStart
 .text.osThreadCreate
                0x000000000800701a       0x98 ./Middlewares/Third_Party/FreeRTOS/Source/CMSIS_RTOS/cmsis_os.o
                0x000000000800701a                osThreadCreate
 *fill*         0x00000000080070b2        0x2 
 .text.osDelay  0x00000000080070b4       0x34 ./Middlewares/Third_Party/FreeRTOS/Source/CMSIS_RTOS/cmsis_os.o
                0x00000000080070b4                osDelay
 .text.vListInitialise
                0x00000000080070e8       0x40 ./Middlewares/Third_Party/FreeRTOS/Source/list.o
                0x00000000080070e8                vListInitialise
 .text.vListInitialiseItem
                0x0000000008007128       0x1a ./Middlewares/Third_Party/FreeRTOS/Source/list.o
                0x0000000008007128                vListInitialiseItem
 .text.vListInsertEnd
                0x0000000008007142       0x48 ./Middlewares/Third_Party/FreeRTOS/Source/list.o
                0x0000000008007142                vListInsertEnd
 .text.vListInsert
                0x000000000800718a       0x72 ./Middlewares/Third_Party/FreeRTOS/Source/list.o
                0x000000000800718a                vListInsert
 .text.uxListRemove
                0x00000000080071fc       0x54 ./Middlewares/Third_Party/FreeRTOS/Source/list.o
                0x00000000080071fc                uxListRemove
 .text.xQueueGenericReset
                0x0000000008007250       0xd0 ./Middlewares/Third_Party/FreeRTOS/Source/queue.o
                0x0000000008007250                xQueueGenericReset
 .text.xQueueGenericCreate
                0x0000000008007320       0x74 ./Middlewares/Third_Party/FreeRTOS/Source/queue.o
                0x0000000008007320                xQueueGenericCreate
 .text.prvInitialiseNewQueue
                0x0000000008007394       0x3e ./Middlewares/Third_Party/FreeRTOS/Source/queue.o
 *fill*         0x00000000080073d2        0x2 
 .text.xQueueGenericSend
                0x00000000080073d4      0x1fc ./Middlewares/Third_Party/FreeRTOS/Source/queue.o
                0x00000000080073d4                xQueueGenericSend
 .text.xQueueGenericSendFromISR
                0x00000000080075d0      0x136 ./Middlewares/Third_Party/FreeRTOS/Source/queue.o
                0x00000000080075d0                xQueueGenericSendFromISR
 *fill*         0x0000000008007706        0x2 
 .text.xQueueReceive
                0x0000000008007708      0x1c0 ./Middlewares/Third_Party/FreeRTOS/Source/queue.o
                0x0000000008007708                xQueueReceive
 .text.xQueueSemaphoreTake
                0x00000000080078c8      0x218 ./Middlewares/Third_Party/FreeRTOS/Source/queue.o
                0x00000000080078c8                xQueueSemaphoreTake
 .text.prvGetDisinheritPriorityAfterTimeout
                0x0000000008007ae0       0x30 ./Middlewares/Third_Party/FreeRTOS/Source/queue.o
 .text.prvCopyDataToQueue
                0x0000000008007b10       0xd4 ./Middlewares/Third_Party/FreeRTOS/Source/queue.o
 .text.prvCopyDataFromQueue
                0x0000000008007be4       0x4c ./Middlewares/Third_Party/FreeRTOS/Source/queue.o
 .text.prvUnlockQueue
                0x0000000008007c30       0xa4 ./Middlewares/Third_Party/FreeRTOS/Source/queue.o
 .text.prvIsQueueEmpty
                0x0000000008007cd4       0x2c ./Middlewares/Third_Party/FreeRTOS/Source/queue.o
 .text.prvIsQueueFull
                0x0000000008007d00       0x30 ./Middlewares/Third_Party/FreeRTOS/Source/queue.o
 .text.xTaskCreateStatic
                0x0000000008007d30       0xba ./Middlewares/Third_Party/FreeRTOS/Source/tasks.o
                0x0000000008007d30                xTaskCreateStatic
 .text.xTaskCreate
                0x0000000008007dea       0x8a ./Middlewares/Third_Party/FreeRTOS/Source/tasks.o
                0x0000000008007dea                xTaskCreate
 .text.prvInitialiseNewTask
                0x0000000008007e74      0x10e ./Middlewares/Third_Party/FreeRTOS/Source/tasks.o
 *fill*         0x0000000008007f82        0x2 
 .text.prvAddNewTaskToReadyList
                0x0000000008007f84       0xd4 ./Middlewares/Third_Party/FreeRTOS/Source/tasks.o
 .text.vTaskDelete
                0x0000000008008058      0x120 ./Middlewares/Third_Party/FreeRTOS/Source/tasks.o
                0x0000000008008058                vTaskDelete
 .text.vTaskDelayUntil
                0x0000000008008178       0xfc ./Middlewares/Third_Party/FreeRTOS/Source/tasks.o
                0x0000000008008178                vTaskDelayUntil
 .text.vTaskDelay
                0x0000000008008274       0x68 ./Middlewares/Third_Party/FreeRTOS/Source/tasks.o
                0x0000000008008274                vTaskDelay
 .text.vTaskStartScheduler
                0x00000000080082dc       0xc0 ./Middlewares/Third_Party/FreeRTOS/Source/tasks.o
                0x00000000080082dc                vTaskStartScheduler
 .text.vTaskSuspendAll
                0x000000000800839c       0x1c ./Middlewares/Third_Party/FreeRTOS/Source/tasks.o
                0x000000000800839c                vTaskSuspendAll
 .text.xTaskResumeAll
                0x00000000080083b8      0x138 ./Middlewares/Third_Party/FreeRTOS/Source/tasks.o
                0x00000000080083b8                xTaskResumeAll
 .text.xTaskGetTickCount
                0x00000000080084f0       0x20 ./Middlewares/Third_Party/FreeRTOS/Source/tasks.o
                0x00000000080084f0                xTaskGetTickCount
 .text.xTaskIncrementTick
                0x0000000008008510      0x170 ./Middlewares/Third_Party/FreeRTOS/Source/tasks.o
                0x0000000008008510                xTaskIncrementTick
 .text.vTaskSwitchContext
                0x0000000008008680       0xb8 ./Middlewares/Third_Party/FreeRTOS/Source/tasks.o
                0x0000000008008680                vTaskSwitchContext
 .text.vTaskPlaceOnEventList
                0x0000000008008738       0x48 ./Middlewares/Third_Party/FreeRTOS/Source/tasks.o
                0x0000000008008738                vTaskPlaceOnEventList
 .text.xTaskRemoveFromEventList
                0x0000000008008780       0xc4 ./Middlewares/Third_Party/FreeRTOS/Source/tasks.o
                0x0000000008008780                xTaskRemoveFromEventList
 .text.vTaskInternalSetTimeOutState
                0x0000000008008844       0x2c ./Middlewares/Third_Party/FreeRTOS/Source/tasks.o
                0x0000000008008844                vTaskInternalSetTimeOutState
 .text.xTaskCheckForTimeOut
                0x0000000008008870       0xc4 ./Middlewares/Third_Party/FreeRTOS/Source/tasks.o
                0x0000000008008870                xTaskCheckForTimeOut
 .text.vTaskMissedYield
                0x0000000008008934       0x18 ./Middlewares/Third_Party/FreeRTOS/Source/tasks.o
                0x0000000008008934                vTaskMissedYield
 .text.prvIdleTask
                0x000000000800894c       0x30 ./Middlewares/Third_Party/FreeRTOS/Source/tasks.o
 .text.prvInitialiseTaskLists
                0x000000000800897c       0x80 ./Middlewares/Third_Party/FreeRTOS/Source/tasks.o
 .text.prvCheckTasksWaitingTermination
                0x00000000080089fc       0x5c ./Middlewares/Third_Party/FreeRTOS/Source/tasks.o
 .text.prvDeleteTCB
                0x0000000008008a58       0x5e ./Middlewares/Third_Party/FreeRTOS/Source/tasks.o
 *fill*         0x0000000008008ab6        0x2 
 .text.prvResetNextTaskUnblockTime
                0x0000000008008ab8       0x40 ./Middlewares/Third_Party/FreeRTOS/Source/tasks.o
 .text.xTaskGetSchedulerState
                0x0000000008008af8       0x3c ./Middlewares/Third_Party/FreeRTOS/Source/tasks.o
                0x0000000008008af8                xTaskGetSchedulerState
 .text.xTaskPriorityInherit
                0x0000000008008b34       0xec ./Middlewares/Third_Party/FreeRTOS/Source/tasks.o
                0x0000000008008b34                xTaskPriorityInherit
 .text.xTaskPriorityDisinherit
                0x0000000008008c20      0x10c ./Middlewares/Third_Party/FreeRTOS/Source/tasks.o
                0x0000000008008c20                xTaskPriorityDisinherit
 .text.vTaskPriorityDisinheritAfterTimeout
                0x0000000008008d2c      0x11c ./Middlewares/Third_Party/FreeRTOS/Source/tasks.o
                0x0000000008008d2c                vTaskPriorityDisinheritAfterTimeout
 .text.pvTaskIncrementMutexHeldCount
                0x0000000008008e48       0x28 ./Middlewares/Third_Party/FreeRTOS/Source/tasks.o
                0x0000000008008e48                pvTaskIncrementMutexHeldCount
 .text.prvAddCurrentTaskToDelayedList
                0x0000000008008e70       0xcc ./Middlewares/Third_Party/FreeRTOS/Source/tasks.o
 .text.pxPortInitialiseStack
                0x0000000008008f3c       0x68 ./Middlewares/Third_Party/FreeRTOS/Source/portable/GCC/ARM_CM4F/port.o
                0x0000000008008f3c                pxPortInitialiseStack
 .text.prvTaskExitError
                0x0000000008008fa4       0x58 ./Middlewares/Third_Party/FreeRTOS/Source/portable/GCC/ARM_CM4F/port.o
 *fill*         0x0000000008008ffc        0x4 
 .text.SVC_Handler
                0x0000000008009000       0x28 ./Middlewares/Third_Party/FreeRTOS/Source/portable/GCC/ARM_CM4F/port.o
                0x0000000008009000                SVC_Handler
 .text.prvPortStartFirstTask
                0x0000000008009028       0x28 ./Middlewares/Third_Party/FreeRTOS/Source/portable/GCC/ARM_CM4F/port.o
 .text.xPortStartScheduler
                0x0000000008009050      0x144 ./Middlewares/Third_Party/FreeRTOS/Source/portable/GCC/ARM_CM4F/port.o
                0x0000000008009050                xPortStartScheduler
 .text.vPortEnterCritical
                0x0000000008009194       0x60 ./Middlewares/Third_Party/FreeRTOS/Source/portable/GCC/ARM_CM4F/port.o
                0x0000000008009194                vPortEnterCritical
 .text.vPortExitCritical
                0x00000000080091f4       0x54 ./Middlewares/Third_Party/FreeRTOS/Source/portable/GCC/ARM_CM4F/port.o
                0x00000000080091f4                vPortExitCritical
 *fill*         0x0000000008009248        0x8 
 .text.PendSV_Handler
                0x0000000008009250       0x68 ./Middlewares/Third_Party/FreeRTOS/Source/portable/GCC/ARM_CM4F/port.o
                0x0000000008009250                PendSV_Handler
 .text.xPortSysTickHandler
                0x00000000080092b8       0x44 ./Middlewares/Third_Party/FreeRTOS/Source/portable/GCC/ARM_CM4F/port.o
                0x00000000080092b8                xPortSysTickHandler
 .text.vPortSetupTimerInterrupt
                0x00000000080092fc       0x48 ./Middlewares/Third_Party/FreeRTOS/Source/portable/GCC/ARM_CM4F/port.o
                0x00000000080092fc                vPortSetupTimerInterrupt
 .text.vPortEnableVFP
                0x0000000008009344       0x14 ./Middlewares/Third_Party/FreeRTOS/Source/portable/GCC/ARM_CM4F/port.o
 .text.vPortValidateInterruptPriority
                0x0000000008009358       0x80 ./Middlewares/Third_Party/FreeRTOS/Source/portable/GCC/ARM_CM4F/port.o
                0x0000000008009358                vPortValidateInterruptPriority
 .text.pvPortMalloc
                0x00000000080093d8      0x11c ./Middlewares/Third_Party/FreeRTOS/Source/portable/MemMang/heap_2.o
                0x00000000080093d8                pvPortMalloc
 .text.vPortFree
                0x00000000080094f4       0x74 ./Middlewares/Third_Party/FreeRTOS/Source/portable/MemMang/heap_2.o
                0x00000000080094f4                vPortFree
 .text.prvHeapInit
                0x0000000008009568       0x54 ./Middlewares/Third_Party/FreeRTOS/Source/portable/MemMang/heap_2.o
 .text.atoi     0x00000000080095bc        0x8 C:/Program Files (x86)/STMicroelectronics/STM32Cube/STM32CubeIDE_1.13.2/STM32CubeIDE/plugins/com.st.stm32cube.ide.mcu.externaltools.gnu-tools-for-stm32.11.3.rel1.win32_1.1.1.202309131626/tools/bin/../lib/gcc/arm-none-eabi/11.3.1/../../../../arm-none-eabi/lib/thumb/v7e-m+fp/hard\libc_nano.a(libc_a-atoi.o)
                0x00000000080095bc                atoi
 .text._strtol_l.constprop.0
                0x00000000080095c4      0x104 C:/Program Files (x86)/STMicroelectronics/STM32Cube/STM32CubeIDE_1.13.2/STM32CubeIDE/plugins/com.st.stm32cube.ide.mcu.externaltools.gnu-tools-for-stm32.11.3.rel1.win32_1.1.1.202309131626/tools/bin/../lib/gcc/arm-none-eabi/11.3.1/../../../../arm-none-eabi/lib/thumb/v7e-m+fp/hard\libc_nano.a(libc_a-strtol.o)
 .text.strtol   0x00000000080096c8       0x14 C:/Program Files (x86)/STMicroelectronics/STM32Cube/STM32CubeIDE_1.13.2/STM32CubeIDE/plugins/com.st.stm32cube.ide.mcu.externaltools.gnu-tools-for-stm32.11.3.rel1.win32_1.1.1.202309131626/tools/bin/../lib/gcc/arm-none-eabi/11.3.1/../../../../arm-none-eabi/lib/thumb/v7e-m+fp/hard\libc_nano.a(libc_a-strtol.o)
                0x00000000080096c8                strtol
 .text.std      0x00000000080096dc       0x6c C:/Program Files (x86)/STMicroelectronics/STM32Cube/STM32CubeIDE_1.13.2/STM32CubeIDE/plugins/com.st.stm32cube.ide.mcu.externaltools.gnu-tools-for-stm32.11.3.rel1.win32_1.1.1.202309131626/tools/bin/../lib/gcc/arm-none-eabi/11.3.1/../../../../arm-none-eabi/lib/thumb/v7e-m+fp/hard\libc_nano.a(libc_a-findfp.o)
 .text.stdio_exit_handler
                0x0000000008009748       0x18 C:/Program Files (x86)/STMicroelectronics/STM32Cube/STM32CubeIDE_1.13.2/STM32CubeIDE/plugins/com.st.stm32cube.ide.mcu.externaltools.gnu-tools-for-stm32.11.3.rel1.win32_1.1.1.202309131626/tools/bin/../lib/gcc/arm-none-eabi/11.3.1/../../../../arm-none-eabi/lib/thumb/v7e-m+fp/hard\libc_nano.a(libc_a-findfp.o)
 .text.cleanup_stdio
                0x0000000008009760       0x40 C:/Program Files (x86)/STMicroelectronics/STM32Cube/STM32CubeIDE_1.13.2/STM32CubeIDE/plugins/com.st.stm32cube.ide.mcu.externaltools.gnu-tools-for-stm32.11.3.rel1.win32_1.1.1.202309131626/tools/bin/../lib/gcc/arm-none-eabi/11.3.1/../../../../arm-none-eabi/lib/thumb/v7e-m+fp/hard\libc_nano.a(libc_a-findfp.o)
 .text.global_stdio_init.part.0
                0x00000000080097a0       0x3c C:/Program Files (x86)/STMicroelectronics/STM32Cube/STM32CubeIDE_1.13.2/STM32CubeIDE/plugins/com.st.stm32cube.ide.mcu.externaltools.gnu-tools-for-stm32.11.3.rel1.win32_1.1.1.202309131626/tools/bin/../lib/gcc/arm-none-eabi/11.3.1/../../../../arm-none-eabi/lib/thumb/v7e-m+fp/hard\libc_nano.a(libc_a-findfp.o)
 .text.__sfp_lock_acquire
                0x00000000080097dc        0xc C:/Program Files (x86)/STMicroelectronics/STM32Cube/STM32CubeIDE_1.13.2/STM32CubeIDE/plugins/com.st.stm32cube.ide.mcu.externaltools.gnu-tools-for-stm32.11.3.rel1.win32_1.1.1.202309131626/tools/bin/../lib/gcc/arm-none-eabi/11.3.1/../../../../arm-none-eabi/lib/thumb/v7e-m+fp/hard\libc_nano.a(libc_a-findfp.o)
                0x00000000080097dc                __sfp_lock_acquire
 .text.__sfp_lock_release
                0x00000000080097e8        0xc C:/Program Files (x86)/STMicroelectronics/STM32Cube/STM32CubeIDE_1.13.2/STM32CubeIDE/plugins/com.st.stm32cube.ide.mcu.externaltools.gnu-tools-for-stm32.11.3.rel1.win32_1.1.1.202309131626/tools/bin/../lib/gcc/arm-none-eabi/11.3.1/../../../../arm-none-eabi/lib/thumb/v7e-m+fp/hard\libc_nano.a(libc_a-findfp.o)
                0x00000000080097e8                __sfp_lock_release
 .text.__sinit  0x00000000080097f4       0x30 C:/Program Files (x86)/STMicroelectronics/STM32Cube/STM32CubeIDE_1.13.2/STM32CubeIDE/plugins/com.st.stm32cube.ide.mcu.externaltools.gnu-tools-for-stm32.11.3.rel1.win32_1.1.1.202309131626/tools/bin/../lib/gcc/arm-none-eabi/11.3.1/../../../../arm-none-eabi/lib/thumb/v7e-m+fp/hard\libc_nano.a(libc_a-findfp.o)
                0x00000000080097f4                __sinit
 .text._fwalk_sglue
                0x0000000008009824       0x3c C:/Program Files (x86)/STMicroelectronics/STM32Cube/STM32CubeIDE_1.13.2/STM32CubeIDE/plugins/com.st.stm32cube.ide.mcu.externaltools.gnu-tools-for-stm32.11.3.rel1.win32_1.1.1.202309131626/tools/bin/../lib/gcc/arm-none-eabi/11.3.1/../../../../arm-none-eabi/lib/thumb/v7e-m+fp/hard\libc_nano.a(libc_a-fwalk.o)
                0x0000000008009824                _fwalk_sglue
 .text._puts_r  0x0000000008009860       0xa8 C:/Program Files (x86)/STMicroelectronics/STM32Cube/STM32CubeIDE_1.13.2/STM32CubeIDE/plugins/com.st.stm32cube.ide.mcu.externaltools.gnu-tools-for-stm32.11.3.rel1.win32_1.1.1.202309131626/tools/bin/../lib/gcc/arm-none-eabi/11.3.1/../../../../arm-none-eabi/lib/thumb/v7e-m+fp/hard\libc_nano.a(libc_a-puts.o)
                0x0000000008009860                _puts_r
 .text.puts     0x0000000008009908       0x10 C:/Program Files (x86)/STMicroelectronics/STM32Cube/STM32CubeIDE_1.13.2/STM32CubeIDE/plugins/com.st.stm32cube.ide.mcu.externaltools.gnu-tools-for-stm32.11.3.rel1.win32_1.1.1.202309131626/tools/bin/../lib/gcc/arm-none-eabi/11.3.1/../../../../arm-none-eabi/lib/thumb/v7e-m+fp/hard\libc_nano.a(libc_a-puts.o)
                0x0000000008009908                puts
 .text.__sread  0x0000000008009918       0x22 C:/Program Files (x86)/STMicroelectronics/STM32Cube/STM32CubeIDE_1.13.2/STM32CubeIDE/plugins/com.st.stm32cube.ide.mcu.externaltools.gnu-tools-for-stm32.11.3.rel1.win32_1.1.1.202309131626/tools/bin/../lib/gcc/arm-none-eabi/11.3.1/../../../../arm-none-eabi/lib/thumb/v7e-m+fp/hard\libc_nano.a(libc_a-stdio.o)
                0x0000000008009918                __sread
 .text.__swrite
                0x000000000800993a       0x38 C:/Program Files (x86)/STMicroelectronics/STM32Cube/STM32CubeIDE_1.13.2/STM32CubeIDE/plugins/com.st.stm32cube.ide.mcu.externaltools.gnu-tools-for-stm32.11.3.rel1.win32_1.1.1.202309131626/tools/bin/../lib/gcc/arm-none-eabi/11.3.1/../../../../arm-none-eabi/lib/thumb/v7e-m+fp/hard\libc_nano.a(libc_a-stdio.o)
                0x000000000800993a                __swrite
 .text.__sseek  0x0000000008009972       0x24 C:/Program Files (x86)/STMicroelectronics/STM32Cube/STM32CubeIDE_1.13.2/STM32CubeIDE/plugins/com.st.stm32cube.ide.mcu.externaltools.gnu-tools-for-stm32.11.3.rel1.win32_1.1.1.202309131626/tools/bin/../lib/gcc/arm-none-eabi/11.3.1/../../../../arm-none-eabi/lib/thumb/v7e-m+fp/hard\libc_nano.a(libc_a-stdio.o)
                0x0000000008009972                __sseek
 .text.__sclose
                0x0000000008009996        0x8 C:/Program Files (x86)/STMicroelectronics/STM32Cube/STM32CubeIDE_1.13.2/STM32CubeIDE/plugins/com.st.stm32cube.ide.mcu.externaltools.gnu-tools-for-stm32.11.3.rel1.win32_1.1.1.202309131626/tools/bin/../lib/gcc/arm-none-eabi/11.3.1/../../../../arm-none-eabi/lib/thumb/v7e-m+fp/hard\libc_nano.a(libc_a-stdio.o)
                0x0000000008009996                __sclose
 .text.__swbuf_r
                0x000000000800999e       0x7a C:/Program Files (x86)/STMicroelectronics/STM32Cube/STM32CubeIDE_1.13.2/STM32CubeIDE/plugins/com.st.stm32cube.ide.mcu.externaltools.gnu-tools-for-stm32.11.3.rel1.win32_1.1.1.202309131626/tools/bin/../lib/gcc/arm-none-eabi/11.3.1/../../../../arm-none-eabi/lib/thumb/v7e-m+fp/hard\libc_nano.a(libc_a-wbuf.o)
                0x000000000800999e                __swbuf_r
 .text.__swsetup_r
                0x0000000008009a18       0xb0 C:/Program Files (x86)/STMicroelectronics/STM32Cube/STM32CubeIDE_1.13.2/STM32CubeIDE/plugins/com.st.stm32cube.ide.mcu.externaltools.gnu-tools-for-stm32.11.3.rel1.win32_1.1.1.202309131626/tools/bin/../lib/gcc/arm-none-eabi/11.3.1/../../../../arm-none-eabi/lib/thumb/v7e-m+fp/hard\libc_nano.a(libc_a-wsetup.o)
                0x0000000008009a18                __swsetup_r
 .text.memset   0x0000000008009ac8       0x10 C:/Program Files (x86)/STMicroelectronics/STM32Cube/STM32CubeIDE_1.13.2/STM32CubeIDE/plugins/com.st.stm32cube.ide.mcu.externaltools.gnu-tools-for-stm32.11.3.rel1.win32_1.1.1.202309131626/tools/bin/../lib/gcc/arm-none-eabi/11.3.1/../../../../arm-none-eabi/lib/thumb/v7e-m+fp/hard\libc_nano.a(libc_a-memset.o)
                0x0000000008009ac8                memset
 .text._close_r
                0x0000000008009ad8       0x20 C:/Program Files (x86)/STMicroelectronics/STM32Cube/STM32CubeIDE_1.13.2/STM32CubeIDE/plugins/com.st.stm32cube.ide.mcu.externaltools.gnu-tools-for-stm32.11.3.rel1.win32_1.1.1.202309131626/tools/bin/../lib/gcc/arm-none-eabi/11.3.1/../../../../arm-none-eabi/lib/thumb/v7e-m+fp/hard\libc_nano.a(libc_a-closer.o)
                0x0000000008009ad8                _close_r
 .text._lseek_r
                0x0000000008009af8       0x24 C:/Program Files (x86)/STMicroelectronics/STM32Cube/STM32CubeIDE_1.13.2/STM32CubeIDE/plugins/com.st.stm32cube.ide.mcu.externaltools.gnu-tools-for-stm32.11.3.rel1.win32_1.1.1.202309131626/tools/bin/../lib/gcc/arm-none-eabi/11.3.1/../../../../arm-none-eabi/lib/thumb/v7e-m+fp/hard\libc_nano.a(libc_a-lseekr.o)
                0x0000000008009af8                _lseek_r
 .text._read_r  0x0000000008009b1c       0x24 C:/Program Files (x86)/STMicroelectronics/STM32Cube/STM32CubeIDE_1.13.2/STM32CubeIDE/plugins/com.st.stm32cube.ide.mcu.externaltools.gnu-tools-for-stm32.11.3.rel1.win32_1.1.1.202309131626/tools/bin/../lib/gcc/arm-none-eabi/11.3.1/../../../../arm-none-eabi/lib/thumb/v7e-m+fp/hard\libc_nano.a(libc_a-readr.o)
                0x0000000008009b1c                _read_r
 .text._write_r
                0x0000000008009b40       0x24 C:/Program Files (x86)/STMicroelectronics/STM32Cube/STM32CubeIDE_1.13.2/STM32CubeIDE/plugins/com.st.stm32cube.ide.mcu.externaltools.gnu-tools-for-stm32.11.3.rel1.win32_1.1.1.202309131626/tools/bin/../lib/gcc/arm-none-eabi/11.3.1/../../../../arm-none-eabi/lib/thumb/v7e-m+fp/hard\libc_nano.a(libc_a-writer.o)
                0x0000000008009b40                _write_r
 .text.__errno  0x0000000008009b64        0xc C:/Program Files (x86)/STMicroelectronics/STM32Cube/STM32CubeIDE_1.13.2/STM32CubeIDE/plugins/com.st.stm32cube.ide.mcu.externaltools.gnu-tools-for-stm32.11.3.rel1.win32_1.1.1.202309131626/tools/bin/../lib/gcc/arm-none-eabi/11.3.1/../../../../arm-none-eabi/lib/thumb/v7e-m+fp/hard\libc_nano.a(libc_a-errno.o)
                0x0000000008009b64                __errno
 .text.__libc_init_array
                0x0000000008009b70       0x48 C:/Program Files (x86)/STMicroelectronics/STM32Cube/STM32CubeIDE_1.13.2/STM32CubeIDE/plugins/com.st.stm32cube.ide.mcu.externaltools.gnu-tools-for-stm32.11.3.rel1.win32_1.1.1.202309131626/tools/bin/../lib/gcc/arm-none-eabi/11.3.1/../../../../arm-none-eabi/lib/thumb/v7e-m+fp/hard\libc_nano.a(libc_a-init.o)
                0x0000000008009b70                __libc_init_array
 .text.__retarget_lock_init_recursive
                0x0000000008009bb8        0x2 C:/Program Files (x86)/STMicroelectronics/STM32Cube/STM32CubeIDE_1.13.2/STM32CubeIDE/plugins/com.st.stm32cube.ide.mcu.externaltools.gnu-tools-for-stm32.11.3.rel1.win32_1.1.1.202309131626/tools/bin/../lib/gcc/arm-none-eabi/11.3.1/../../../../arm-none-eabi/lib/thumb/v7e-m+fp/hard\libc_nano.a(libc_a-lock.o)
                0x0000000008009bb8                __retarget_lock_init_recursive
 .text.__retarget_lock_acquire_recursive
                0x0000000008009bba        0x2 C:/Program Files (x86)/STMicroelectronics/STM32Cube/STM32CubeIDE_1.13.2/STM32CubeIDE/plugins/com.st.stm32cube.ide.mcu.externaltools.gnu-tools-for-stm32.11.3.rel1.win32_1.1.1.202309131626/tools/bin/../lib/gcc/arm-none-eabi/11.3.1/../../../../arm-none-eabi/lib/thumb/v7e-m+fp/hard\libc_nano.a(libc_a-lock.o)
                0x0000000008009bba                __retarget_lock_acquire_recursive
 .text.__retarget_lock_release_recursive
                0x0000000008009bbc        0x2 C:/Program Files (x86)/STMicroelectronics/STM32Cube/STM32CubeIDE_1.13.2/STM32CubeIDE/plugins/com.st.stm32cube.ide.mcu.externaltools.gnu-tools-for-stm32.11.3.rel1.win32_1.1.1.202309131626/tools/bin/../lib/gcc/arm-none-eabi/11.3.1/../../../../arm-none-eabi/lib/thumb/v7e-m+fp/hard\libc_nano.a(libc_a-lock.o)
                0x0000000008009bbc                __retarget_lock_release_recursive
 .text.memcpy   0x0000000008009bbe       0x1c C:/Program Files (x86)/STMicroelectronics/STM32Cube/STM32CubeIDE_1.13.2/STM32CubeIDE/plugins/com.st.stm32cube.ide.mcu.externaltools.gnu-tools-for-stm32.11.3.rel1.win32_1.1.1.202309131626/tools/bin/../lib/gcc/arm-none-eabi/11.3.1/../../../../arm-none-eabi/lib/thumb/v7e-m+fp/hard\libc_nano.a(libc_a-memcpy-stub.o)
                0x0000000008009bbe                memcpy
 *fill*         0x0000000008009bda        0x2 
 .text._free_r  0x0000000008009bdc       0x98 C:/Program Files (x86)/STMicroelectronics/STM32Cube/STM32CubeIDE_1.13.2/STM32CubeIDE/plugins/com.st.stm32cube.ide.mcu.externaltools.gnu-tools-for-stm32.11.3.rel1.win32_1.1.1.202309131626/tools/bin/../lib/gcc/arm-none-eabi/11.3.1/../../../../arm-none-eabi/lib/thumb/v7e-m+fp/hard\libc_nano.a(libc_a-freer.o)
                0x0000000008009bdc                _free_r
 .text.sbrk_aligned
                0x0000000008009c74       0x40 C:/Program Files (x86)/STMicroelectronics/STM32Cube/STM32CubeIDE_1.13.2/STM32CubeIDE/plugins/com.st.stm32cube.ide.mcu.externaltools.gnu-tools-for-stm32.11.3.rel1.win32_1.1.1.202309131626/tools/bin/../lib/gcc/arm-none-eabi/11.3.1/../../../../arm-none-eabi/lib/thumb/v7e-m+fp/hard\libc_nano.a(libc_a-mallocr.o)
 .text._malloc_r
                0x0000000008009cb4      0x100 C:/Program Files (x86)/STMicroelectronics/STM32Cube/STM32CubeIDE_1.13.2/STM32CubeIDE/plugins/com.st.stm32cube.ide.mcu.externaltools.gnu-tools-for-stm32.11.3.rel1.win32_1.1.1.202309131626/tools/bin/../lib/gcc/arm-none-eabi/11.3.1/../../../../arm-none-eabi/lib/thumb/v7e-m+fp/hard\libc_nano.a(libc_a-mallocr.o)
                0x0000000008009cb4                _malloc_r
 .text.__malloc_lock
                0x0000000008009db4        0xc C:/Program Files (x86)/STMicroelectronics/STM32Cube/STM32CubeIDE_1.13.2/STM32CubeIDE/plugins/com.st.stm32cube.ide.mcu.externaltools.gnu-tools-for-stm32.11.3.rel1.win32_1.1.1.202309131626/tools/bin/../lib/gcc/arm-none-eabi/11.3.1/../../../../arm-none-eabi/lib/thumb/v7e-m+fp/hard\libc_nano.a(libc_a-mlock.o)
                0x0000000008009db4                __malloc_lock
 .text.__malloc_unlock
                0x0000000008009dc0        0xc C:/Program Files (x86)/STMicroelectronics/STM32Cube/STM32CubeIDE_1.13.2/STM32CubeIDE/plugins/com.st.stm32cube.ide.mcu.externaltools.gnu-tools-for-stm32.11.3.rel1.win32_1.1.1.202309131626/tools/bin/../lib/gcc/arm-none-eabi/11.3.1/../../../../arm-none-eabi/lib/thumb/v7e-m+fp/hard\libc_nano.a(libc_a-mlock.o)
                0x0000000008009dc0                __malloc_unlock
 .text.__sflush_r
                0x0000000008009dcc      0x10c C:/Program Files (x86)/STMicroelectronics/STM32Cube/STM32CubeIDE_1.13.2/STM32CubeIDE/plugins/com.st.stm32cube.ide.mcu.externaltools.gnu-tools-for-stm32.11.3.rel1.win32_1.1.1.202309131626/tools/bin/../lib/gcc/arm-none-eabi/11.3.1/../../../../arm-none-eabi/lib/thumb/v7e-m+fp/hard\libc_nano.a(libc_a-fflush.o)
                0x0000000008009dcc                __sflush_r
 .text._fflush_r
                0x0000000008009ed8       0x50 C:/Program Files (x86)/STMicroelectronics/STM32Cube/STM32CubeIDE_1.13.2/STM32CubeIDE/plugins/com.st.stm32cube.ide.mcu.externaltools.gnu-tools-for-stm32.11.3.rel1.win32_1.1.1.202309131626/tools/bin/../lib/gcc/arm-none-eabi/11.3.1/../../../../arm-none-eabi/lib/thumb/v7e-m+fp/hard\libc_nano.a(libc_a-fflush.o)
                0x0000000008009ed8                _fflush_r
 .text.__swhatbuf_r
                0x0000000008009f28       0x4c C:/Program Files (x86)/STMicroelectronics/STM32Cube/STM32CubeIDE_1.13.2/STM32CubeIDE/plugins/com.st.stm32cube.ide.mcu.externaltools.gnu-tools-for-stm32.11.3.rel1.win32_1.1.1.202309131626/tools/bin/../lib/gcc/arm-none-eabi/11.3.1/../../../../arm-none-eabi/lib/thumb/v7e-m+fp/hard\libc_nano.a(libc_a-makebuf.o)
                0x0000000008009f28                __swhatbuf_r
 .text.__smakebuf_r
                0x0000000008009f74       0x78 C:/Program Files (x86)/STMicroelectronics/STM32Cube/STM32CubeIDE_1.13.2/STM32CubeIDE/plugins/com.st.stm32cube.ide.mcu.externaltools.gnu-tools-for-stm32.11.3.rel1.win32_1.1.1.202309131626/tools/bin/../lib/gcc/arm-none-eabi/11.3.1/../../../../arm-none-eabi/lib/thumb/v7e-m+fp/hard\libc_nano.a(libc_a-makebuf.o)
                0x0000000008009f74                __smakebuf_r
 .text._fstat_r
                0x0000000008009fec       0x24 C:/Program Files (x86)/STMicroelectronics/STM32Cube/STM32CubeIDE_1.13.2/STM32CubeIDE/plugins/com.st.stm32cube.ide.mcu.externaltools.gnu-tools-for-stm32.11.3.rel1.win32_1.1.1.202309131626/tools/bin/../lib/gcc/arm-none-eabi/11.3.1/../../../../arm-none-eabi/lib/thumb/v7e-m+fp/hard\libc_nano.a(libc_a-fstatr.o)
                0x0000000008009fec                _fstat_r
 .text._isatty_r
                0x000000000800a010       0x20 C:/Program Files (x86)/STMicroelectronics/STM32Cube/STM32CubeIDE_1.13.2/STM32CubeIDE/plugins/com.st.stm32cube.ide.mcu.externaltools.gnu-tools-for-stm32.11.3.rel1.win32_1.1.1.202309131626/tools/bin/../lib/gcc/arm-none-eabi/11.3.1/../../../../arm-none-eabi/lib/thumb/v7e-m+fp/hard\libc_nano.a(libc_a-isattyr.o)
                0x000000000800a010                _isatty_r
 .text._sbrk_r  0x000000000800a030       0x20 C:/Program Files (x86)/STMicroelectronics/STM32Cube/STM32CubeIDE_1.13.2/STM32CubeIDE/plugins/com.st.stm32cube.ide.mcu.externaltools.gnu-tools-for-stm32.11.3.rel1.win32_1.1.1.202309131626/tools/bin/../lib/gcc/arm-none-eabi/11.3.1/../../../../arm-none-eabi/lib/thumb/v7e-m+fp/hard\libc_nano.a(libc_a-sbrkr.o)
                0x000000000800a030                _sbrk_r
 .text.sinf     0x000000000800a050       0x8c C:/Program Files (x86)/STMicroelectronics/STM32Cube/STM32CubeIDE_1.13.2/STM32CubeIDE/plugins/com.st.stm32cube.ide.mcu.externaltools.gnu-tools-for-stm32.11.3.rel1.win32_1.1.1.202309131626/tools/bin/../lib/gcc/arm-none-eabi/11.3.1/../../../../arm-none-eabi/lib/thumb/v7e-m+fp/hard\libm.a(libm_a-sf_sin.o)
                0x000000000800a050                sinf
 .text.__kernel_cosf
                0x000000000800a0dc       0xbc C:/Program Files (x86)/STMicroelectronics/STM32Cube/STM32CubeIDE_1.13.2/STM32CubeIDE/plugins/com.st.stm32cube.ide.mcu.externaltools.gnu-tools-for-stm32.11.3.rel1.win32_1.1.1.202309131626/tools/bin/../lib/gcc/arm-none-eabi/11.3.1/../../../../arm-none-eabi/lib/thumb/v7e-m+fp/hard\libm.a(libm_a-kf_cos.o)
                0x000000000800a0dc                __kernel_cosf
 .text.__kernel_sinf
                0x000000000800a198       0x90 C:/Program Files (x86)/STMicroelectronics/STM32Cube/STM32CubeIDE_1.13.2/STM32CubeIDE/plugins/com.st.stm32cube.ide.mcu.externaltools.gnu-tools-for-stm32.11.3.rel1.win32_1.1.1.202309131626/tools/bin/../lib/gcc/arm-none-eabi/11.3.1/../../../../arm-none-eabi/lib/thumb/v7e-m+fp/hard\libm.a(libm_a-kf_sin.o)
                0x000000000800a198                __kernel_sinf
 .text.__ieee754_rem_pio2f
                0x000000000800a228      0x258 C:/Program Files (x86)/STMicroelectronics/STM32Cube/STM32CubeIDE_1.13.2/STM32CubeIDE/plugins/com.st.stm32cube.ide.mcu.externaltools.gnu-tools-for-stm32.11.3.rel1.win32_1.1.1.202309131626/tools/bin/../lib/gcc/arm-none-eabi/11.3.1/../../../../arm-none-eabi/lib/thumb/v7e-m+fp/hard\libm.a(libm_a-ef_rem_pio2.o)
                0x000000000800a228                __ieee754_rem_pio2f
 .text.fabsf    0x000000000800a480        0xe C:/Program Files (x86)/STMicroelectronics/STM32Cube/STM32CubeIDE_1.13.2/STM32CubeIDE/plugins/com.st.stm32cube.ide.mcu.externaltools.gnu-tools-for-stm32.11.3.rel1.win32_1.1.1.202309131626/tools/bin/../lib/gcc/arm-none-eabi/11.3.1/../../../../arm-none-eabi/lib/thumb/v7e-m+fp/hard\libm.a(libm_a-sf_fabs.o)
                0x000000000800a480                fabsf
 *fill*         0x000000000800a48e        0x2 
 .text.__kernel_rem_pio2f
                0x000000000800a490      0x4e4 C:/Program Files (x86)/STMicroelectronics/STM32Cube/STM32CubeIDE_1.13.2/STM32CubeIDE/plugins/com.st.stm32cube.ide.mcu.externaltools.gnu-tools-for-stm32.11.3.rel1.win32_1.1.1.202309131626/tools/bin/../lib/gcc/arm-none-eabi/11.3.1/../../../../arm-none-eabi/lib/thumb/v7e-m+fp/hard\libm.a(libm_a-kf_rem_pio2.o)
                0x000000000800a490                __kernel_rem_pio2f
 .text.scalbnf  0x000000000800a974       0xcc C:/Program Files (x86)/STMicroelectronics/STM32Cube/STM32CubeIDE_1.13.2/STM32CubeIDE/plugins/com.st.stm32cube.ide.mcu.externaltools.gnu-tools-for-stm32.11.3.rel1.win32_1.1.1.202309131626/tools/bin/../lib/gcc/arm-none-eabi/11.3.1/../../../../arm-none-eabi/lib/thumb/v7e-m+fp/hard\libm.a(libm_a-sf_scalbn.o)
                0x000000000800a974                scalbnf
 .text.floorf   0x000000000800aa40       0x84 C:/Program Files (x86)/STMicroelectronics/STM32Cube/STM32CubeIDE_1.13.2/STM32CubeIDE/plugins/com.st.stm32cube.ide.mcu.externaltools.gnu-tools-for-stm32.11.3.rel1.win32_1.1.1.202309131626/tools/bin/../lib/gcc/arm-none-eabi/11.3.1/../../../../arm-none-eabi/lib/thumb/v7e-m+fp/hard\libm.a(libm_a-sf_floor.o)
                0x000000000800aa40                floorf
 *(.glue_7)
 .glue_7        0x000000000800aac4        0x0 linker stubs
 *(.glue_7t)
 .glue_7t       0x000000000800aac4        0x0 linker stubs
 *(.eh_frame)
 .eh_frame      0x000000000800aac4        0x0 C:/Program Files (x86)/STMicroelectronics/STM32Cube/STM32CubeIDE_1.13.2/STM32CubeIDE/plugins/com.st.stm32cube.ide.mcu.externaltools.gnu-tools-for-stm32.11.3.rel1.win32_1.1.1.202309131626/tools/bin/../lib/gcc/arm-none-eabi/11.3.1/thumb/v7e-m+fp/hard/crtbegin.o
 *(.init)
 .init          0x000000000800aac4        0x4 C:/Program Files (x86)/STMicroelectronics/STM32Cube/STM32CubeIDE_1.13.2/STM32CubeIDE/plugins/com.st.stm32cube.ide.mcu.externaltools.gnu-tools-for-stm32.11.3.rel1.win32_1.1.1.202309131626/tools/bin/../lib/gcc/arm-none-eabi/11.3.1/thumb/v7e-m+fp/hard/crti.o
                0x000000000800aac4                _init
 .init          0x000000000800aac8        0x8 C:/Program Files (x86)/STMicroelectronics/STM32Cube/STM32CubeIDE_1.13.2/STM32CubeIDE/plugins/com.st.stm32cube.ide.mcu.externaltools.gnu-tools-for-stm32.11.3.rel1.win32_1.1.1.202309131626/tools/bin/../lib/gcc/arm-none-eabi/11.3.1/thumb/v7e-m+fp/hard/crtn.o
 *(.fini)
 .fini          0x000000000800aad0        0x4 C:/Program Files (x86)/STMicroelectronics/STM32Cube/STM32CubeIDE_1.13.2/STM32CubeIDE/plugins/com.st.stm32cube.ide.mcu.externaltools.gnu-tools-for-stm32.11.3.rel1.win32_1.1.1.202309131626/tools/bin/../lib/gcc/arm-none-eabi/11.3.1/thumb/v7e-m+fp/hard/crti.o
                0x000000000800aad0                _fini
 .fini          0x000000000800aad4        0x8 C:/Program Files (x86)/STMicroelectronics/STM32Cube/STM32CubeIDE_1.13.2/STM32CubeIDE/plugins/com.st.stm32cube.ide.mcu.externaltools.gnu-tools-for-stm32.11.3.rel1.win32_1.1.1.202309131626/tools/bin/../lib/gcc/arm-none-eabi/11.3.1/thumb/v7e-m+fp/hard/crtn.o
                0x000000000800aadc                . = ALIGN (0x4)
                0x000000000800aadc                _etext = .

.vfp11_veneer   0x000000000800aadc        0x0
 .vfp11_veneer  0x000000000800aadc        0x0 linker stubs

.v4_bx          0x000000000800aadc        0x0
 .v4_bx         0x000000000800aadc        0x0 linker stubs

.iplt           0x000000000800aadc        0x0
 .iplt          0x000000000800aadc        0x0 C:/Program Files (x86)/STMicroelectronics/STM32Cube/STM32CubeIDE_1.13.2/STM32CubeIDE/plugins/com.st.stm32cube.ide.mcu.externaltools.gnu-tools-for-stm32.11.3.rel1.win32_1.1.1.202309131626/tools/bin/../lib/gcc/arm-none-eabi/11.3.1/thumb/v7e-m+fp/hard/crtbegin.o

.rodata         0x000000000800aadc      0x5d4
                0x000000000800aadc                . = ALIGN (0x4)
 *(.rodata)
 .rodata        0x000000000800aadc       0x5c ./Core/Src/freertos.o
 .rodata        0x000000000800ab38       0x79 ./Core/Src/main.o
 *fill*         0x000000000800abb1        0x3 
 .rodata        0x000000000800abb4        0x5 ./Middlewares/Third_Party/FreeRTOS/Source/tasks.o
 *(.rodata*)
 *fill*         0x000000000800abb9        0x3 
 .rodata.AHBPrescTable
                0x000000000800abbc       0x10 ./Core/Src/system_stm32f4xx.o
                0x000000000800abbc                AHBPrescTable
 .rodata.APBPrescTable
                0x000000000800abcc        0x8 ./Core/Src/system_stm32f4xx.o
                0x000000000800abcc                APBPrescTable
 .rodata.flagBitshiftOffset.0
                0x000000000800abd4        0x8 ./Drivers/STM32F4xx_HAL_Driver/Src/stm32f4xx_hal_dma.o
 .rodata._ctype_
                0x000000000800abdc      0x101 C:/Program Files (x86)/STMicroelectronics/STM32Cube/STM32CubeIDE_1.13.2/STM32CubeIDE/plugins/com.st.stm32cube.ide.mcu.externaltools.gnu-tools-for-stm32.11.3.rel1.win32_1.1.1.202309131626/tools/bin/../lib/gcc/arm-none-eabi/11.3.1/../../../../arm-none-eabi/lib/thumb/v7e-m+fp/hard\libc_nano.a(libc_a-ctype_.o)
                0x000000000800abdc                _ctype_
 *fill*         0x000000000800acdd        0x3 
 .rodata.npio2_hw
                0x000000000800ace0       0x80 C:/Program Files (x86)/STMicroelectronics/STM32Cube/STM32CubeIDE_1.13.2/STM32CubeIDE/plugins/com.st.stm32cube.ide.mcu.externaltools.gnu-tools-for-stm32.11.3.rel1.win32_1.1.1.202309131626/tools/bin/../lib/gcc/arm-none-eabi/11.3.1/../../../../arm-none-eabi/lib/thumb/v7e-m+fp/hard\libm.a(libm_a-ef_rem_pio2.o)
 .rodata.two_over_pi
                0x000000000800ad60      0x318 C:/Program Files (x86)/STMicroelectronics/STM32Cube/STM32CubeIDE_1.13.2/STM32CubeIDE/plugins/com.st.stm32cube.ide.mcu.externaltools.gnu-tools-for-stm32.11.3.rel1.win32_1.1.1.202309131626/tools/bin/../lib/gcc/arm-none-eabi/11.3.1/../../../../arm-none-eabi/lib/thumb/v7e-m+fp/hard\libm.a(libm_a-ef_rem_pio2.o)
 .rodata.PIo2   0x000000000800b078       0x2c C:/Program Files (x86)/STMicroelectronics/STM32Cube/STM32CubeIDE_1.13.2/STM32CubeIDE/plugins/com.st.stm32cube.ide.mcu.externaltools.gnu-tools-for-stm32.11.3.rel1.win32_1.1.1.202309131626/tools/bin/../lib/gcc/arm-none-eabi/11.3.1/../../../../arm-none-eabi/lib/thumb/v7e-m+fp/hard\libm.a(libm_a-kf_rem_pio2.o)
 .rodata.init_jk
                0x000000000800b0a4        0xc C:/Program Files (x86)/STMicroelectronics/STM32Cube/STM32CubeIDE_1.13.2/STM32CubeIDE/plugins/com.st.stm32cube.ide.mcu.externaltools.gnu-tools-for-stm32.11.3.rel1.win32_1.1.1.202309131626/tools/bin/../lib/gcc/arm-none-eabi/11.3.1/../../../../arm-none-eabi/lib/thumb/v7e-m+fp/hard\libm.a(libm_a-kf_rem_pio2.o)
                0x000000000800b0b0                . = ALIGN (0x4)

.ARM.extab      0x000000000800b0b0        0x0
                0x000000000800b0b0                . = ALIGN (0x4)
 *(.ARM.extab* .gnu.linkonce.armextab.*)
                0x000000000800b0b0                . = ALIGN (0x4)

.ARM            0x000000000800b0b0        0x8
                0x000000000800b0b0                . = ALIGN (0x4)
                0x000000000800b0b0                __exidx_start = .
 *(.ARM.exidx*)
 .ARM.exidx     0x000000000800b0b0        0x8 C:/Program Files (x86)/STMicroelectronics/STM32Cube/STM32CubeIDE_1.13.2/STM32CubeIDE/plugins/com.st.stm32cube.ide.mcu.externaltools.gnu-tools-for-stm32.11.3.rel1.win32_1.1.1.202309131626/tools/bin/../lib/gcc/arm-none-eabi/11.3.1/thumb/v7e-m+fp/hard\libgcc.a(_udivmoddi4.o)
                0x000000000800b0b8                __exidx_end = .
                0x000000000800b0b8                . = ALIGN (0x4)

.rel.dyn        0x000000000800b0b8        0x0
 .rel.iplt      0x000000000800b0b8        0x0 C:/Program Files (x86)/STMicroelectronics/STM32Cube/STM32CubeIDE_1.13.2/STM32CubeIDE/plugins/com.st.stm32cube.ide.mcu.externaltools.gnu-tools-for-stm32.11.3.rel1.win32_1.1.1.202309131626/tools/bin/../lib/gcc/arm-none-eabi/11.3.1/thumb/v7e-m+fp/hard/crtbegin.o

.preinit_array  0x000000000800b0b8        0x0
                0x000000000800b0b8                . = ALIGN (0x4)
                0x000000000800b0b8                PROVIDE (__preinit_array_start = .)
 *(.preinit_array*)
                0x000000000800b0b8                PROVIDE (__preinit_array_end = .)
                0x000000000800b0b8                . = ALIGN (0x4)

.init_array     0x000000000800b0b8        0x4
                0x000000000800b0b8                . = ALIGN (0x4)
                0x000000000800b0b8                PROVIDE (__init_array_start = .)
 *(SORT_BY_NAME(.init_array.*))
 *(.init_array*)
 .init_array    0x000000000800b0b8        0x4 C:/Program Files (x86)/STMicroelectronics/STM32Cube/STM32CubeIDE_1.13.2/STM32CubeIDE/plugins/com.st.stm32cube.ide.mcu.externaltools.gnu-tools-for-stm32.11.3.rel1.win32_1.1.1.202309131626/tools/bin/../lib/gcc/arm-none-eabi/11.3.1/thumb/v7e-m+fp/hard/crtbegin.o
                0x000000000800b0bc                PROVIDE (__init_array_end = .)
                0x000000000800b0bc                . = ALIGN (0x4)

.fini_array     0x000000000800b0bc        0x4
                0x000000000800b0bc                . = ALIGN (0x4)
                [!provide]                        PROVIDE (__fini_array_start = .)
 *(SORT_BY_NAME(.fini_array.*))
 *(.fini_array*)
 .fini_array    0x000000000800b0bc        0x4 C:/Program Files (x86)/STMicroelectronics/STM32Cube/STM32CubeIDE_1.13.2/STM32CubeIDE/plugins/com.st.stm32cube.ide.mcu.externaltools.gnu-tools-for-stm32.11.3.rel1.win32_1.1.1.202309131626/tools/bin/../lib/gcc/arm-none-eabi/11.3.1/thumb/v7e-m+fp/hard/crtbegin.o
                [!provide]                        PROVIDE (__fini_array_end = .)
                0x000000000800b0c0                . = ALIGN (0x4)
                0x000000000800b0c0                _sidata = LOADADDR (.data)

.data           0x0000000020000000       0x78 load address 0x000000000800b0c0
                0x0000000020000000                . = ALIGN (0x4)
                0x0000000020000000                _sdata = .
 *(.data)
 *(.data*)
 .data.sineFrequency
                0x0000000020000000        0x4 ./Core/Src/audio.o
                0x0000000020000000                sineFrequency
 .data.sineAmplitude
                0x0000000020000004        0x4 ./Core/Src/audio.o
                0x0000000020000004                sineAmplitude
 .data.SystemCoreClock
                0x0000000020000008        0x4 ./Core/Src/system_stm32f4xx.o
                0x0000000020000008                SystemCoreClock
 .data.uwTickPrio
                0x000000002000000c        0x4 ./Drivers/STM32F4xx_HAL_Driver/Src/stm32f4xx_hal.o
                0x000000002000000c                uwTickPrio
 .data.uwTickFreq
                0x0000000020000010        0x1 ./Drivers/STM32F4xx_HAL_Driver/Src/stm32f4xx_hal.o
                0x0000000020000010                uwTickFreq
 *fill*         0x0000000020000011        0x3 
 .data.uxCriticalNesting
                0x0000000020000014        0x4 ./Middlewares/Third_Party/FreeRTOS/Source/portable/GCC/ARM_CM4F/port.o
 .data.xFreeBytesRemaining
                0x0000000020000018        0x4 ./Middlewares/Third_Party/FreeRTOS/Source/portable/MemMang/heap_2.o
 .data.__sglue  0x000000002000001c        0xc C:/Program Files (x86)/STMicroelectronics/STM32Cube/STM32CubeIDE_1.13.2/STM32CubeIDE/plugins/com.st.stm32cube.ide.mcu.externaltools.gnu-tools-for-stm32.11.3.rel1.win32_1.1.1.202309131626/tools/bin/../lib/gcc/arm-none-eabi/11.3.1/../../../../arm-none-eabi/lib/thumb/v7e-m+fp/hard\libc_nano.a(libc_a-findfp.o)
                0x000000002000001c                __sglue
 .data._impure_data
                0x0000000020000028       0x4c C:/Program Files (x86)/STMicroelectronics/STM32Cube/STM32CubeIDE_1.13.2/STM32CubeIDE/plugins/com.st.stm32cube.ide.mcu.externaltools.gnu-tools-for-stm32.11.3.rel1.win32_1.1.1.202309131626/tools/bin/../lib/gcc/arm-none-eabi/11.3.1/../../../../arm-none-eabi/lib/thumb/v7e-m+fp/hard\libc_nano.a(libc_a-impure.o)
                0x0000000020000028                _impure_data
 .data._impure_ptr
                0x0000000020000074        0x4 C:/Program Files (x86)/STMicroelectronics/STM32Cube/STM32CubeIDE_1.13.2/STM32CubeIDE/plugins/com.st.stm32cube.ide.mcu.externaltools.gnu-tools-for-stm32.11.3.rel1.win32_1.1.1.202309131626/tools/bin/../lib/gcc/arm-none-eabi/11.3.1/../../../../arm-none-eabi/lib/thumb/v7e-m+fp/hard\libc_nano.a(libc_a-impure.o)
                0x0000000020000074                _impure_ptr
 *(.RamFunc)
 *(.RamFunc*)
                0x0000000020000078                . = ALIGN (0x4)
                0x0000000020000078                _edata = .
                0x000000000800b138                _siccmram = LOADADDR (.ccmram)

.igot.plt       0x0000000020000078        0x0 load address 0x000000000800b138
 .igot.plt      0x0000000020000078        0x0 C:/Program Files (x86)/STMicroelectronics/STM32Cube/STM32CubeIDE_1.13.2/STM32CubeIDE/plugins/com.st.stm32cube.ide.mcu.externaltools.gnu-tools-for-stm32.11.3.rel1.win32_1.1.1.202309131626/tools/bin/../lib/gcc/arm-none-eabi/11.3.1/thumb/v7e-m+fp/hard/crtbegin.o

.ccmram         0x0000000010000000        0x0 load address 0x000000000800b138
                0x0000000010000000                . = ALIGN (0x4)
                0x0000000010000000                _sccmram = .
 *(.ccmram)
 *(.ccmram*)
                0x0000000010000000                . = ALIGN (0x4)
                0x0000000010000000                _eccmram = .
                0x0000000010000000                . = ALIGN (0x4)

.bss            0x0000000020000078     0x47b4
                0x0000000020000078                _sbss = .
                0x0000000020000078                __bss_start__ = _sbss
 *(.bss)
 .bss           0x0000000020000078       0x1c C:/Program Files (x86)/STMicroelectronics/STM32Cube/STM32CubeIDE_1.13.2/STM32CubeIDE/plugins/com.st.stm32cube.ide.mcu.externaltools.gnu-tools-for-stm32.11.3.rel1.win32_1.1.1.202309131626/tools/bin/../lib/gcc/arm-none-eabi/11.3.1/thumb/v7e-m+fp/hard/crtbegin.o
 *(.bss*)
 .bss.sineTable
                0x0000000020000094      0x200 ./Core/Src/audio.o
                0x0000000020000094                sineTable
 .bss.dmaBuffer
                0x0000000020000294      0x200 ./Core/Src/audio.o
                0x0000000020000294                dmaBuffer
 .bss.phase.0   0x0000000020000494        0x4 ./Core/Src/audio.o
 .bss.defaultTaskHandle
                0x0000000020000498        0x4 ./Core/Src/freertos.o
                0x0000000020000498                defaultTaskHandle
 .bss.xIdleTaskTCBBuffer
                0x000000002000049c       0x54 ./Core/Src/freertos.o
 .bss.xIdleStack
                0x00000000200004f0      0x200 ./Core/Src/freertos.o
 .bss.hi2c1     0x00000000200006f0       0x54 ./Core/Src/i2c.o
                0x00000000200006f0                hi2c1
 .bss.hi2s3     0x0000000020000744       0x48 ./Core/Src/i2s.o
                0x0000000020000744                hi2s3
 .bss.hdma_spi3_tx
                0x000000002000078c       0x60 ./Core/Src/i2s.o
                0x000000002000078c                hdma_spi3_tx
 .bss.passwordOkSem
                0x00000000200007ec        0x4 ./Core/Src/main.o
                0x00000000200007ec                passwordOkSem
 .bss.systemState
                0x00000000200007f0        0x1 ./Core/Src/main.o
                0x00000000200007f0                systemState
 *fill*         0x00000000200007f1        0x3 
 .bss.freqQueue
                0x00000000200007f4        0x4 ./Core/Src/main.o
                0x00000000200007f4                freqQueue
 .bss.ampQueue  0x00000000200007f8        0x4 ./Core/Src/main.o
                0x00000000200007f8                ampQueue
 .bss.__sbrk_heap_end
                0x00000000200007fc        0x4 ./Core/Src/sysmem.o
 .bss.htim2     0x0000000020000800       0x48 ./Core/Src/tim.o
                0x0000000020000800                htim2
 .bss.uartRxDmaBuf
                0x0000000020000848       0x40 ./Core/Src/usart.o
                0x0000000020000848                uartRxDmaBuf
 .bss.rxOldPos  0x0000000020000888        0x2 ./Core/Src/usart.o
                0x0000000020000888                rxOldPos
 *fill*         0x000000002000088a        0x2 
 .bss.uartRxQueue
                0x000000002000088c        0x4 ./Core/Src/usart.o
                0x000000002000088c                uartRxQueue
 .bss.huart2    0x0000000020000890       0x44 ./Core/Src/usart.o
                0x0000000020000890                huart2
 .bss.hdma_usart2_rx
                0x00000000200008d4       0x60 ./Core/Src/usart.o
                0x00000000200008d4                hdma_usart2_rx
 .bss.hdma_usart2_tx
                0x0000000020000934       0x60 ./Core/Src/usart.o
                0x0000000020000934                hdma_usart2_tx
 .bss.uwTick    0x0000000020000994        0x4 ./Drivers/STM32F4xx_HAL_Driver/Src/stm32f4xx_hal.o
                0x0000000020000994                uwTick
 .bss.pxCurrentTCB
                0x0000000020000998        0x4 ./Middlewares/Third_Party/FreeRTOS/Source/tasks.o
                0x0000000020000998                pxCurrentTCB
 .bss.pxReadyTasksLists
                0x000000002000099c       0x8c ./Middlewares/Third_Party/FreeRTOS/Source/tasks.o
 .bss.xDelayedTaskList1
                0x0000000020000a28       0x14 ./Middlewares/Third_Party/FreeRTOS/Source/tasks.o
 .bss.xDelayedTaskList2
                0x0000000020000a3c       0x14 ./Middlewares/Third_Party/FreeRTOS/Source/tasks.o
 .bss.pxDelayedTaskList
                0x0000000020000a50        0x4 ./Middlewares/Third_Party/FreeRTOS/Source/tasks.o
 .bss.pxOverflowDelayedTaskList
                0x0000000020000a54        0x4 ./Middlewares/Third_Party/FreeRTOS/Source/tasks.o
 .bss.xPendingReadyList
                0x0000000020000a58       0x14 ./Middlewares/Third_Party/FreeRTOS/Source/tasks.o
 .bss.xTasksWaitingTermination
                0x0000000020000a6c       0x14 ./Middlewares/Third_Party/FreeRTOS/Source/tasks.o
 .bss.uxDeletedTasksWaitingCleanUp
                0x0000000020000a80        0x4 ./Middlewares/Third_Party/FreeRTOS/Source/tasks.o
 .bss.xSuspendedTaskList
                0x0000000020000a84       0x14 ./Middlewares/Third_Party/FreeRTOS/Source/tasks.o
 .bss.uxCurrentNumberOfTasks
                0x0000000020000a98        0x4 ./Middlewares/Third_Party/FreeRTOS/Source/tasks.o
 .bss.xTickCount
                0x0000000020000a9c        0x4 ./Middlewares/Third_Party/FreeRTOS/Source/tasks.o
 .bss.uxTopReadyPriority
                0x0000000020000aa0        0x4 ./Middlewares/Third_Party/FreeRTOS/Source/tasks.o
 .bss.xSchedulerRunning
                0x0000000020000aa4        0x4 ./Middlewares/Third_Party/FreeRTOS/Source/tasks.o
 .bss.xPendedTicks
                0x0000000020000aa8        0x4 ./Middlewares/Third_Party/FreeRTOS/Source/tasks.o
 .bss.xYieldPending
                0x0000000020000aac        0x4 ./Middlewares/Third_Party/FreeRTOS/Source/tasks.o
 .bss.xNumOfOverflows
                0x0000000020000ab0        0x4 ./Middlewares/Third_Party/FreeRTOS/Source/tasks.o
 .bss.uxTaskNumber
                0x0000000020000ab4        0x4 ./Middlewares/Third_Party/FreeRTOS/Source/tasks.o
 .bss.xNextTaskUnblockTime
                0x0000000020000ab8        0x4 ./Middlewares/Third_Party/FreeRTOS/Source/tasks.o
 .bss.xIdleTaskHandle
                0x0000000020000abc        0x4 ./Middlewares/Third_Party/FreeRTOS/Source/tasks.o
 .bss.uxSchedulerSuspended
                0x0000000020000ac0        0x4 ./Middlewares/Third_Party/FreeRTOS/Source/tasks.o
 .bss.ucMaxSysCallPriority
                0x0000000020000ac4        0x1 ./Middlewares/Third_Party/FreeRTOS/Source/portable/GCC/ARM_CM4F/port.o