../Core/Src/stm32f4xx_it.c:76:6:NMI_Handler	4	static
../Core/Src/stm32f4xx_it.c:91:6:HardFault_Handler	4	static
../Core/Src/stm32f4xx_it.c:106:6:MemManage_Handler	4	static
../Core/Src/stm32f4xx_it.c:121:6:BusFault_Handler	4	static
../Core/Src/stm32f4xx_it.c:136:6:UsageFault_Handler	4	static
../Core/Src/stm32f4xx_it.c:151:6:DebugMon_Handler	4	static
../Core/Src/stm32f4xx_it.c:164:6:SysTick_Handler	8	static
../Core/Src/stm32f4xx_it.c:193:6:EXTI0_IRQHandler	8	static
../Core/Src/stm32f4xx_it.c:207:6:DMA1_Stream5_IRQHandler	8	static
../Core/Src/stm32f4xx_it.c:221:6:DMA1_Stream6_IRQHandler	8	static
../Core/Src/stm32f4xx_it.c:235:6:TIM2_IRQHandler	8	static
../Core/Src/stm32f4xx_it.c:249:6:USART2_IRQHandler	16	static
../Core/Src/stm32f4xx_it.c:268:6:DMA1_Stream7_IRQHandler	8	static
../Core/Src/stm32f4xx_it.c:282:6:SPI3_IRQHandler	8	static
